Archive member included to satisfy reference by file (symbol)

C:/ST/STM32CubeIDE_1.14.1/STM32CubeIDE/plugins/com.st.stm32cube.ide.mcu.externaltools.gnu-tools-for-stm32.11.3.rel1.win32_1.1.100.202309141235/tools/bin/../lib/gcc/arm-none-eabi/11.3.1/../../../../arm-none-eabi/lib/thumb/v6-m/nofp\libc_nano.a(libc_a-exit.o)
                              C:/ST/STM32CubeIDE_1.14.1/STM32CubeIDE/plugins/com.st.stm32cube.ide.mcu.externaltools.gnu-tools-for-stm32.11.3.rel1.win32_1.1.100.202309141235/tools/bin/../lib/gcc/arm-none-eabi/11.3.1/../../../../arm-none-eabi/lib/thumb/v6-m/nofp/crt0.o (exit)
C:/ST/STM32CubeIDE_1.14.1/STM32CubeIDE/plugins/com.st.stm32cube.ide.mcu.externaltools.gnu-tools-for-stm32.11.3.rel1.win32_1.1.100.202309141235/tools/bin/../lib/gcc/arm-none-eabi/11.3.1/../../../../arm-none-eabi/lib/thumb/v6-m/nofp\libc_nano.a(libc_a-findfp.o)
                              C:/ST/STM32CubeIDE_1.14.1/STM32CubeIDE/plugins/com.st.stm32cube.ide.mcu.externaltools.gnu-tools-for-stm32.11.3.rel1.win32_1.1.100.202309141235/tools/bin/../lib/gcc/arm-none-eabi/11.3.1/../../../../arm-none-eabi/lib/thumb/v6-m/nofp\libc_nano.a(libc_a-exit.o) (__stdio_exit_handler)
C:/ST/STM32CubeIDE_1.14.1/STM32CubeIDE/plugins/com.st.stm32cube.ide.mcu.externaltools.gnu-tools-for-stm32.11.3.rel1.win32_1.1.100.202309141235/tools/bin/../lib/gcc/arm-none-eabi/11.3.1/../../../../arm-none-eabi/lib/thumb/v6-m/nofp\libc_nano.a(libc_a-fwalk.o)
                              C:/ST/STM32CubeIDE_1.14.1/STM32CubeIDE/plugins/com.st.stm32cube.ide.mcu.externaltools.gnu-tools-for-stm32.11.3.rel1.win32_1.1.100.202309141235/tools/bin/../lib/gcc/arm-none-eabi/11.3.1/../../../../arm-none-eabi/lib/thumb/v6-m/nofp\libc_nano.a(libc_a-findfp.o) (_fwalk_sglue)
C:/ST/STM32CubeIDE_1.14.1/STM32CubeIDE/plugins/com.st.stm32cube.ide.mcu.externaltools.gnu-tools-for-stm32.11.3.rel1.win32_1.1.100.202309141235/tools/bin/../lib/gcc/arm-none-eabi/11.3.1/../../../../arm-none-eabi/lib/thumb/v6-m/nofp\libc_nano.a(libc_a-stdio.o)
                              C:/ST/STM32CubeIDE_1.14.1/STM32CubeIDE/plugins/com.st.stm32cube.ide.mcu.externaltools.gnu-tools-for-stm32.11.3.rel1.win32_1.1.100.202309141235/tools/bin/../lib/gcc/arm-none-eabi/11.3.1/../../../../arm-none-eabi/lib/thumb/v6-m/nofp\libc_nano.a(libc_a-findfp.o) (__sread)
C:/ST/STM32CubeIDE_1.14.1/STM32CubeIDE/plugins/com.st.stm32cube.ide.mcu.externaltools.gnu-tools-for-stm32.11.3.rel1.win32_1.1.100.202309141235/tools/bin/../lib/gcc/arm-none-eabi/11.3.1/../../../../arm-none-eabi/lib/thumb/v6-m/nofp\libc_nano.a(libc_a-memset.o)
                              C:/ST/STM32CubeIDE_1.14.1/STM32CubeIDE/plugins/com.st.stm32cube.ide.mcu.externaltools.gnu-tools-for-stm32.11.3.rel1.win32_1.1.100.202309141235/tools/bin/../lib/gcc/arm-none-eabi/11.3.1/../../../../arm-none-eabi/lib/thumb/v6-m/nofp/crt0.o (memset)
C:/ST/STM32CubeIDE_1.14.1/STM32CubeIDE/plugins/com.st.stm32cube.ide.mcu.externaltools.gnu-tools-for-stm32.11.3.rel1.win32_1.1.100.202309141235/tools/bin/../lib/gcc/arm-none-eabi/11.3.1/../../../../arm-none-eabi/lib/thumb/v6-m/nofp\libc_nano.a(libc_a-closer.o)
                              C:/ST/STM32CubeIDE_1.14.1/STM32CubeIDE/plugins/com.st.stm32cube.ide.mcu.externaltools.gnu-tools-for-stm32.11.3.rel1.win32_1.1.100.202309141235/tools/bin/../lib/gcc/arm-none-eabi/11.3.1/../../../../arm-none-eabi/lib/thumb/v6-m/nofp\libc_nano.a(libc_a-stdio.o) (_close_r)
C:/ST/STM32CubeIDE_1.14.1/STM32CubeIDE/plugins/com.st.stm32cube.ide.mcu.externaltools.gnu-tools-for-stm32.11.3.rel1.win32_1.1.100.202309141235/tools/bin/../lib/gcc/arm-none-eabi/11.3.1/../../../../arm-none-eabi/lib/thumb/v6-m/nofp\libc_nano.a(libc_a-reent.o)
                              C:/ST/STM32CubeIDE_1.14.1/STM32CubeIDE/plugins/com.st.stm32cube.ide.mcu.externaltools.gnu-tools-for-stm32.11.3.rel1.win32_1.1.100.202309141235/tools/bin/../lib/gcc/arm-none-eabi/11.3.1/../../../../arm-none-eabi/lib/thumb/v6-m/nofp\libc_nano.a(libc_a-closer.o) (errno)
C:/ST/STM32CubeIDE_1.14.1/STM32CubeIDE/plugins/com.st.stm32cube.ide.mcu.externaltools.gnu-tools-for-stm32.11.3.rel1.win32_1.1.100.202309141235/tools/bin/../lib/gcc/arm-none-eabi/11.3.1/../../../../arm-none-eabi/lib/thumb/v6-m/nofp\libc_nano.a(libc_a-impure.o)
                              C:/ST/STM32CubeIDE_1.14.1/STM32CubeIDE/plugins/com.st.stm32cube.ide.mcu.externaltools.gnu-tools-for-stm32.11.3.rel1.win32_1.1.100.202309141235/tools/bin/../lib/gcc/arm-none-eabi/11.3.1/../../../../arm-none-eabi/lib/thumb/v6-m/nofp\libc_nano.a(libc_a-reent.o) (_impure_ptr)
C:/ST/STM32CubeIDE_1.14.1/STM32CubeIDE/plugins/com.st.stm32cube.ide.mcu.externaltools.gnu-tools-for-stm32.11.3.rel1.win32_1.1.100.202309141235/tools/bin/../lib/gcc/arm-none-eabi/11.3.1/../../../../arm-none-eabi/lib/thumb/v6-m/nofp\libc_nano.a(libc_a-lseekr.o)
[...]
Memory Configuration

Name             Origin             Length             Attributes
RAM              0x0000000020000000 0x0000000000002000 xrw
FLASH            0x0000000008000000 0x0000000000010000 xr
*default*        0x0000000000000000 0xffffffffffffffff

Linker script and memory map

LOAD C:/ST/STM32CubeIDE_1.14.1/STM32CubeIDE/plugins/com.st.stm32cube.ide.mcu.externaltools.gnu-tools-for-stm32.11.3.rel1.win32_1.1.100.202309141235/tools/bin/../lib/gcc/arm-none-eabi/11.3.1/thumb/v6-m/nofp/crti.o
LOAD C:/ST/STM32CubeIDE_1.14.1/STM32CubeIDE/plugins/com.st.stm32cube.ide.mcu.externaltools.gnu-tools-for-stm32.11.3.rel1.win32_1.1.100.202309141235/tools/bin/../lib/gcc/arm-none-eabi/11.3.1/thumb/v6-m/nofp/crtbegin.o
LOAD C:/ST/STM32CubeIDE_1.14.1/STM32CubeIDE/plugins/com.st.stm32cube.ide.mcu.externaltools.gnu-tools-for-stm32.11.3.rel1.win32_1.1.100.202309141235/tools/bin/../lib/gcc/arm-none-eabi/11.3.1/../../../../arm-none-eabi/lib/thumb/v6-m/nofp/crt0.o
LOAD ./Core/Src/main.o
LOAD ./Core/Src/stm32l0xx_it.o
LOAD ./Core/Src/syscalls.o
LOAD ./Core/Src/sysmem.o
LOAD ./Core/Src/system_stm32l0xx.o
LOAD ./Core/Startup/startup_stm32l051k8ux.o
LOAD ./Drivers/STM32L0xx_HAL_Driver/Src/stm32l0xx_ll_adc.o
LOAD ./Drivers/STM32L0xx_HAL_Driver/Src/stm32l0xx_ll_crc.o
LOAD ./Drivers/STM32L0xx_HAL_Driver/Src/stm32l0xx_ll_dma.o
LOAD ./Drivers/STM32L0xx_HAL_Driver/Src/stm32l0xx_ll_exti.o
LOAD ./Drivers/STM32L0xx_HAL_Driver/Src/stm32l0xx_ll_gpio.o
LOAD ./Drivers/STM32L0xx_HAL_Driver/Src/stm32l0xx_ll_lptim.o
LOAD ./Drivers/STM32L0xx_HAL_Driver/Src/stm32l0xx_ll_pwr.o
LOAD ./Drivers/STM32L0xx_HAL_Driver/Src/stm32l0xx_ll_rcc.o
LOAD ./Drivers/STM32L0xx_HAL_Driver/Src/stm32l0xx_ll_rtc.o
LOAD ./Drivers/STM32L0xx_HAL_Driver/Src/stm32l0xx_ll_spi.o
LOAD ./Drivers/STM32L0xx_HAL_Driver/Src/stm32l0xx_ll_utils.o
START GROUP
LOAD C:/ST/STM32CubeIDE_1.14.1/STM32CubeIDE/plugins/com.st.stm32cube.ide.mcu.externaltools.gnu-tools-for-stm32.11.3.rel1.win32_1.1.100.202309141235/tools/bin/../lib/gcc/arm-none-eabi/11.3.1/../../../../arm-none-eabi/lib/thumb/v6-m/nofp\libc_nano.a
LOAD C:/ST/STM32CubeIDE_1.14.1/STM32CubeIDE/plugins/com.st.stm32cube.ide.mcu.externaltools.gnu-tools-for-stm32.11.3.rel1.win32_1.1.100.202309141235/tools/bin/../lib/gcc/arm-none-eabi/11.3.1/../../../../arm-none-eabi/lib/thumb/v6-m/nofp\libm.a
END GROUP
START GROUP
LOAD C:/ST/STM32CubeIDE_1.14.1/STM32CubeIDE/plugins/com.st.stm32cube.ide.mcu.externaltools.gnu-tools-for-stm32.11.3.rel1.win32_1.1.100.202309141235/tools/bin/../lib/gcc/arm-none-eabi/11.3.1/thumb/v6-m/nofp\libgcc.a
LOAD C:/ST/STM32CubeIDE_1.14.1/STM32CubeIDE/plugins/com.st.stm32cube.ide.mcu.externaltools.gnu-tools-for-stm32.11.3.rel1.win32_1.1.100.202309141235/tools/bin/../lib/gcc/arm-none-eabi/11.3.1/../../../../arm-none-eabi/lib/thumb/v6-m/nofp\libc_nano.a
END GROUP
START GROUP
LOAD C:/ST/STM32CubeIDE_1.14.1/STM32CubeIDE/plugins/com.st.stm32cube.ide.mcu.externaltools.gnu-tools-for-stm32.11.3.rel1.win32_1.1.100.202309141235/tools/bin/../lib/gcc/arm-none-eabi/11.3.1/thumb/v6-m/nofp\libgcc.a
LOAD C:/ST/STM32CubeIDE_1.14.1/STM32CubeIDE/plugins/com.st.stm32cube.ide.mcu.externaltools.gnu-tools-for-stm32.11.3.rel1.win32_1.1.100.202309141235/tools/bin/../lib/gcc/arm-none-eabi/11.3.1/../../../../arm-none-eabi/lib/thumb/v6-m/nofp\libc_nano.a
LOAD C:/ST/STM32CubeIDE_1.14.1/STM32CubeIDE/plugins/com.st.stm32cube.ide.mcu.externaltools.gnu-tools-for-stm32.11.3.rel1.win32_1.1.100.202309141235/tools/bin/../lib/gcc/arm-none-eabi/11.3.1/../../../../arm-none-eabi/lib/thumb/v6-m/nofp\libnosys.a
END GROUP
START GROUP
LOAD C:/ST/STM32CubeIDE_1.14.1/STM32CubeIDE/plugins/com.st.stm32cube.ide.mcu.externaltools.gnu-tools-for-stm32.11.3.rel1.win32_1.1.100.202309141235/tools/bin/../lib/gcc/arm-none-eabi/11.3.1/thumb/v6-m/nofp\libgcc.a
LOAD C:/ST/STM32CubeIDE_1.14.1/STM32CubeIDE/plugins/com.st.stm32cube.ide.mcu.externaltools.gnu-tools-for-stm32.11.3.rel1.win32_1.1.100.202309141235/tools/bin/../lib/gcc/arm-none-eabi/11.3.1/../../../../arm-none-eabi/lib/thumb/v6-m/nofp\libc_nano.a
LOAD C:/ST/STM32CubeIDE_1.14.1/STM32CubeIDE/plugins/com.st.stm32cube.ide.mcu.externaltools.gnu-tools-for-stm32.11.3.rel1.win32_1.1.100.202309141235/tools/bin/../lib/gcc/arm-none-eabi/11.3.1/../../../../arm-none-eabi/lib/thumb/v6-m/nofp\libnosys.a
END GROUP
LOAD C:/ST/STM32CubeIDE_1.14.1/STM32CubeIDE/plugins/com.st.stm32cube.ide.mcu.externaltools.gnu-tools-for-stm32.11.3.rel1.win32_1.1.100.202309141235/tools/bin/../lib/gcc/arm-none-eabi/11.3.1/thumb/v6-m/nofp/crtend.o
LOAD C:/ST/STM32CubeIDE_1.14.1/STM32CubeIDE/plugins/com.st.stm32cube.ide.mcu.externaltools.gnu-tools-for-stm32.11.3.rel1.win32_1.1.100.202309141235/tools/bin/../lib/gcc/arm-none-eabi/11.3.1/thumb/v6-m/nofp/crtn.o
                0x0000000020002000                _estack = (ORIGIN (RAM) + LENGTH (RAM))
                0x0000000000000200                _Min_Heap_Size = 0x200
                0x0000000000000400                _Min_Stack_Size = 0x400

.isr_vector     0x0000000008000000       0xc0
                0x0000000008000000                . = ALIGN (0x4)
 *(.isr_vector)
 .isr_vector    0x0000000008000000       0xc0 ./Core/Startup/startup_stm32l051k8ux.o
                0x0000000008000000                g_pfnVectors
                0x00000000080000c0                . = ALIGN (0x4)

.text           0x00000000080000c0     0x1b48
                0x00000000080000c0                . = ALIGN (0x4)
 *(.text)
 .text          0x00000000080000c0       0x48 C:/ST/STM32CubeIDE_1.14.1/STM32CubeIDE/plugins/com.st.stm32cube.ide.mcu.externaltools.gnu-tools-for-stm32.11.3.rel1.win32_1.1.100.202309141235/tools/bin/../lib/gcc/arm-none-eabi/11.3.1/thumb/v6-m/nofp/crtbegin.o
 .text          0x0000000008000108      0x114 C:/ST/STM32CubeIDE_1.14.1/STM32CubeIDE/plugins/com.st.stm32cube.ide.mcu.externaltools.gnu-tools-for-stm32.11.3.rel1.win32_1.1.100.202309141235/tools/bin/../lib/gcc/arm-none-eabi/11.3.1/thumb/v6-m/nofp\libgcc.a(_udivsi3.o)
                0x0000000008000108                __aeabi_uidiv
                0x0000000008000108                __udivsi3
                0x0000000008000214                __aeabi_uidivmod
 .text          0x000000000800021c        0x4 C:/ST/STM32CubeIDE_1.14.1/STM32CubeIDE/plugins/com.st.stm32cube.ide.mcu.externaltools.gnu-tools-for-stm32.11.3.rel1.win32_1.1.100.202309141235/tools/bin/../lib/gcc/arm-none-eabi/11.3.1/thumb/v6-m/nofp\libgcc.a(_dvmd_tls.o)
                0x000000000800021c                __aeabi_idiv0
                0x000000000800021c                __aeabi_ldiv0
 *(.text*)
 .text.__NVIC_EnableIRQ
                0x0000000008000220       0x34 ./Core/Src/main.o
 .text.__NVIC_SetPriority
                0x0000000008000254       0xdc ./Core/Src/main.o
 .text.LL_ADC_SetCommonFrequencyMode
                0x0000000008000330       0x28 ./Core/Src/main.o
 .text.LL_ADC_SetSamplingTimeCommonChannels
                0x0000000008000358       0x24 ./Core/Src/main.o
 .text.LL_ADC_REG_SetSequencerScanDirection
                0x000000000800037c       0x24 ./Core/Src/main.o
 .text.LL_ADC_REG_SetSequencerChAdd
                0x00000000080003a0       0x22 ./Core/Src/main.o
 .text.LL_ADC_SetOverSamplingScope
                0x00000000080003c2       0x24 ./Core/Src/main.o
 *fill*         0x00000000080003e6        0x2 
 .text.LL_ADC_EnableInternalRegulator
                0x00000000080003e8       0x28 ./Core/Src/main.o
 .text.LL_ADC_DisableIT_EOC
                0x0000000008000410       0x1e ./Core/Src/main.o
 .text.LL_ADC_DisableIT_EOS
                0x000000000800042e       0x1e ./Core/Src/main.o
 .text.LL_CRC_SetPolynomialSize
                0x000000000800044c       0x24 ./Core/Src/main.o
 .text.LL_CRC_SetInputDataReverseMode
                0x0000000008000470       0x24 ./Core/Src/main.o
 .text.LL_CRC_SetOutputDataReverseMode
                0x0000000008000494       0x24 ./Core/Src/main.o
 .text.LL_CRC_SetInitialData
                0x00000000080004b8       0x18 ./Core/Src/main.o
 .text.LL_CRC_SetPolynomialCoef
                0x00000000080004d0       0x18 ./Core/Src/main.o
 .text.LL_LPTIM_SetUpdateMode
                0x00000000080004e8       0x28 ./Core/Src/main.o
 .text.LL_LPTIM_SetCounterMode
                0x0000000008000510       0x28 ./Core/Src/main.o
 .text.LL_LPTIM_SetPolarity
                0x0000000008000538       0x28 ./Core/Src/main.o
 .text.LL_LPTIM_SetPrescaler
                0x0000000008000560       0x28 ./Core/Src/main.o
 .text.LL_LPTIM_TrigSw
                0x0000000008000588       0x20 ./Core/Src/main.o
 .text.LL_LPTIM_SetClockSource
                0x00000000080005a8       0x24 ./Core/Src/main.o
 .text.LL_RCC_HSI_Enable
                0x00000000080005cc       0x1c ./Core/Src/main.o
 .text.LL_RCC_HSI_IsReady
                0x00000000080005e8       0x20 ./Core/Src/main.o
 .text.LL_RCC_HSI_EnableDivider
                0x0000000008000608       0x1c ./Core/Src/main.o
 .text.LL_RCC_HSI_SetCalibTrimming
                0x0000000008000624       0x2c ./Core/Src/main.o
 .text.LL_RCC_LSE_Enable
                0x0000000008000650       0x1c ./Core/Src/main.o
 .text.LL_RCC_LSE_SetDriveCapability
                0x000000000800066c       0x2c ./Core/Src/main.o
 .text.LL_RCC_LSE_IsReady
                0x0000000008000698       0x28 ./Core/Src/main.o
 .text.LL_RCC_LSI_Enable
                0x00000000080006c0       0x1c ./Core/Src/main.o
 .text.LL_RCC_LSI_IsReady
                0x00000000080006dc       0x20 ./Core/Src/main.o
 .text.LL_RCC_SetSysClkSource
                0x00000000080006fc       0x28 ./Core/Src/main.o
 .text.LL_RCC_GetSysClkSource
                0x0000000008000724       0x18 ./Core/Src/main.o
 .text.LL_RCC_SetAHBPrescaler
                0x000000000800073c       0x28 ./Core/Src/main.o
 .text.LL_RCC_SetAPB1Prescaler
                0x0000000008000764       0x2c ./Core/Src/main.o
 .text.LL_RCC_SetAPB2Prescaler
                0x0000000008000790       0x2c ./Core/Src/main.o
 .text.LL_RCC_SetLPTIMClockSource
                0x00000000080007bc       0x2c ./Core/Src/main.o
 .text.LL_RCC_SetRTCClockSource
                0x00000000080007e8       0x2c ./Core/Src/main.o
 .text.LL_RCC_GetRTCClockSource
                0x0000000008000814       0x18 ./Core/Src/main.o
 .text.LL_RCC_EnableRTC
                0x000000000800082c       0x1c ./Core/Src/main.o
 .text.LL_RCC_ForceBackupDomainReset
                0x0000000008000848       0x1c ./Core/Src/main.o
 .text.LL_RCC_ReleaseBackupDomainReset
                0x0000000008000864       0x20 ./Core/Src/main.o
 .text.LL_RCC_PLL_Enable
                0x0000000008000884       0x1c ./Core/Src/main.o
 .text.LL_RCC_PLL_IsReady
                0x00000000080008a0       0x28 ./Core/Src/main.o
 .text.LL_RCC_PLL_ConfigDomain_SYS
                0x00000000080008c8       0x38 ./Core/Src/main.o
 .text.LL_AHB1_GRP1_EnableClock
                0x0000000008000900       0x2c ./Core/Src/main.o
 .text.LL_APB1_GRP1_EnableClock
                0x000000000800092c       0x2c ./Core/Src/main.o
 .text.LL_APB2_GRP1_EnableClock
                0x0000000008000958       0x2c ./Core/Src/main.o
 .text.LL_IOP_GRP1_EnableClock
                0x0000000008000984       0x2c ./Core/Src/main.o
 .text.LL_SYSCFG_SetEXTISource
                0x00000000080009b0       0x4c ./Core/Src/main.o
 .text.LL_FLASH_SetLatency
                0x00000000080009fc       0x28 ./Core/Src/main.o
 .text.LL_FLASH_GetLatency
                0x0000000008000a24       0x18 ./Core/Src/main.o
 .text.LL_PWR_SetRegulVoltageScaling
                0x0000000008000a3c       0x2c ./Core/Src/main.o
 .text.LL_PWR_EnableBkUpAccess
                0x0000000008000a68       0x1c ./Core/Src/main.o
 .text.LL_PWR_IsActiveFlag_VOS
                0x0000000008000a84       0x20 ./Core/Src/main.o
 .text.LL_RTC_WAKEUP_SetClock
                0x0000000008000aa4       0x24 ./Core/Src/main.o
 .text.LL_SPI_SetStandard
                0x0000000008000ac8       0x24 ./Core/Src/main.o
 .text.LL_GPIO_SetPinMode
                0x0000000008000aec       0x38 ./Core/Src/main.o
 .text.LL_GPIO_SetPinPull
                0x0000000008000b24       0x38 ./Core/Src/main.o
 .text.LL_GPIO_SetOutputPin
                0x0000000008000b5c       0x18 ./Core/Src/main.o
 .text.LL_GPIO_ResetOutputPin
                0x0000000008000b74       0x18 ./Core/Src/main.o
 .text.main     0x0000000008000b8c       0x3e ./Core/Src/main.o
                0x0000000008000b8c                main
 *fill*         0x0000000008000bca        0x2 
 .text.SystemClock_Config
                0x0000000008000bcc      0x108 ./Core/Src/main.o
                0x0000000008000bcc                SystemClock_Config
 .text.MX_ADC_Init
                0x0000000008000cd4      0x14c ./Core/Src/main.o
 .text.MX_CRC_Init
                0x0000000008000e20       0x54 ./Core/Src/main.o
 .text.MX_LPTIM1_Init
                0x0000000008000e74       0x60 ./Core/Src/main.o
 .text.MX_RTC_Init
                0x0000000008000ed4       0x5c ./Core/Src/main.o
 .text.MX_SPI1_Init
                0x0000000008000f30       0xfc ./Core/Src/main.o
 .text.MX_GPIO_Init
                0x000000000800102c      0x210 ./Core/Src/main.o
 .text.NMI_Handler
                0x000000000800123c        0x6 ./Core/Src/stm32l0xx_it.o
                0x000000000800123c                NMI_Handler
 .text.HardFault_Handler
                0x0000000008001242        0x6 ./Core/Src/stm32l0xx_it.o
                0x0000000008001242                HardFault_Handler
 .text.SVC_Handler
                0x0000000008001248        0xa ./Core/Src/stm32l0xx_it.o
                0x0000000008001248                SVC_Handler
 .text.PendSV_Handler
                0x0000000008001252        0xa ./Core/Src/stm32l0xx_it.o
                0x0000000008001252                PendSV_Handler
 .text.SysTick_Handler
                0x000000000800125c        0xa ./Core/Src/stm32l0xx_it.o
                0x000000000800125c                SysTick_Handler
 .text.RTC_IRQHandler
                0x0000000008001266        0xa ./Core/Src/stm32l0xx_it.o
                0x0000000008001266                RTC_IRQHandler
 .text.LPTIM1_IRQHandler
                0x0000000008001270        0xa ./Core/Src/stm32l0xx_it.o
                0x0000000008001270                LPTIM1_IRQHandler
 .text.SystemInit
                0x000000000800127a        0xa ./Core/Src/system_stm32l0xx.o
                0x000000000800127a                SystemInit
 .text.Reset_Handler
                0x0000000008001284       0x50 ./Core/Startup/startup_stm32l051k8ux.o
                0x0000000008001284                Reset_Handler
 .text.Default_Handler
                0x00000000080012d4        0x2 ./Core/Startup/startup_stm32l051k8ux.o
                0x00000000080012d4                ADC1_COMP_IRQHandler
                0x00000000080012d4                TIM6_IRQHandler
                0x00000000080012d4                PVD_IRQHandler
                0x00000000080012d4                I2C1_IRQHandler
                0x00000000080012d4                SPI1_IRQHandler
                0x00000000080012d4                EXTI2_3_IRQHandler
                0x00000000080012d4                I2C2_IRQHandler
                0x00000000080012d4                DMA1_Channel4_5_6_7_IRQHandler
                0x00000000080012d4                EXTI4_15_IRQHandler
                0x00000000080012d4                RCC_IRQHandler
                0x00000000080012d4                DMA1_Channel1_IRQHandler
                0x00000000080012d4                Default_Handler
                0x00000000080012d4                TIM22_IRQHandler
                0x00000000080012d4                EXTI0_1_IRQHandler
                0x00000000080012d4                SPI2_IRQHandler
                0x00000000080012d4                TIM21_IRQHandler
                0x00000000080012d4                WWDG_IRQHandler
                0x00000000080012d4                LPUART1_IRQHandler
                0x00000000080012d4                TIM2_IRQHandler
                0x00000000080012d4                DMA1_Channel2_3_IRQHandler
                0x00000000080012d4                USART2_IRQHandler
                0x00000000080012d4                FLASH_IRQHandler
                0x00000000080012d4                USART1_IRQHandler
 .text.LL_ADC_IsEnabled
                0x00000000080012d6       0x20 ./Drivers/STM32L0xx_HAL_Driver/Src/stm32l0xx_ll_adc.o
 *fill*         0x00000000080012f6        0x2 
 .text.LL_ADC_Init
                0x00000000080012f8       0x6c ./Drivers/STM32L0xx_HAL_Driver/Src/stm32l0xx_ll_adc.o
                0x00000000080012f8                LL_ADC_Init
 .text.LL_ADC_REG_Init
                0x0000000008001364       0x64 ./Drivers/STM32L0xx_HAL_Driver/Src/stm32l0xx_ll_adc.o
                0x0000000008001364                LL_ADC_REG_Init
 .text.LL_EXTI_EnableIT_0_31
                0x00000000080013c8       0x20 ./Drivers/STM32L0xx_HAL_Driver/Src/stm32l0xx_ll_exti.o
 .text.LL_EXTI_DisableIT_0_31
                0x00000000080013e8       0x24 ./Drivers/STM32L0xx_HAL_Driver/Src/stm32l0xx_ll_exti.o
 .text.LL_EXTI_EnableEvent_0_31
                0x000000000800140c       0x20 ./Drivers/STM32L0xx_HAL_Driver/Src/stm32l0xx_ll_exti.o
 .text.LL_EXTI_DisableEvent_0_31
                0x000000000800142c       0x24 ./Drivers/STM32L0xx_HAL_Driver/Src/stm32l0xx_ll_exti.o
 .text.LL_EXTI_EnableRisingTrig_0_31
                0x0000000008001450       0x20 ./Drivers/STM32L0xx_HAL_Driver/Src/stm32l0xx_ll_exti.o
 .text.LL_EXTI_DisableRisingTrig_0_31
                0x0000000008001470       0x24 ./Drivers/STM32L0xx_HAL_Driver/Src/stm32l0xx_ll_exti.o
 .text.LL_EXTI_EnableFallingTrig_0_31
                0x0000000008001494       0x20 ./Drivers/STM32L0xx_HAL_Driver/Src/stm32l0xx_ll_exti.o
 .text.LL_EXTI_DisableFallingTrig_0_31
                0x00000000080014b4       0x24 ./Drivers/STM32L0xx_HAL_Driver/Src/stm32l0xx_ll_exti.o
 .text.LL_EXTI_Init
                0x00000000080014d8      0x10e ./Drivers/STM32L0xx_HAL_Driver/Src/stm32l0xx_ll_exti.o
                0x00000000080014d8                LL_EXTI_Init
 .text.LL_GPIO_SetPinMode
                0x00000000080015e6       0x38 ./Drivers/STM32L0xx_HAL_Driver/Src/stm32l0xx_ll_gpio.o
 .text.LL_GPIO_SetPinOutputType
                0x000000000800161e       0x2a ./Drivers/STM32L0xx_HAL_Driver/Src/stm32l0xx_ll_gpio.o
 .text.LL_GPIO_SetPinSpeed
                0x0000000008001648       0x38 ./Drivers/STM32L0xx_HAL_Driver/Src/stm32l0xx_ll_gpio.o
 .text.LL_GPIO_SetPinPull
                0x0000000008001680       0x38 ./Drivers/STM32L0xx_HAL_Driver/Src/stm32l0xx_ll_gpio.o
 .text.LL_GPIO_SetAFPin_0_7
                0x00000000080016b8       0x46 ./Drivers/STM32L0xx_HAL_Driver/Src/stm32l0xx_ll_gpio.o
 .text.LL_GPIO_SetAFPin_8_15
                0x00000000080016fe       0x5a ./Drivers/STM32L0xx_HAL_Driver/Src/stm32l0xx_ll_gpio.o
 .text.LL_GPIO_Init
                0x0000000008001758       0xbc ./Drivers/STM32L0xx_HAL_Driver/Src/stm32l0xx_ll_gpio.o
                0x0000000008001758                LL_GPIO_Init
 .text.LL_RTC_SetHourFormat
                0x0000000008001814       0x24 ./Drivers/STM32L0xx_HAL_Driver/Src/stm32l0xx_ll_rtc.o
 .text.LL_RTC_EnableInitMode
                0x0000000008001838       0x18 ./Drivers/STM32L0xx_HAL_Driver/Src/stm32l0xx_ll_rtc.o
 .text.LL_RTC_DisableInitMode
                0x0000000008001850       0x18 ./Drivers/STM32L0xx_HAL_Driver/Src/stm32l0xx_ll_rtc.o
 .text.LL_RTC_SetAsynchPrescaler
                0x0000000008001868       0x28 ./Drivers/STM32L0xx_HAL_Driver/Src/stm32l0xx_ll_rtc.o
 .text.LL_RTC_SetSynchPrescaler
                0x0000000008001890       0x22 ./Drivers/STM32L0xx_HAL_Driver/Src/stm32l0xx_ll_rtc.o
 .text.LL_RTC_EnableWriteProtection
                0x00000000080018b2       0x16 ./Drivers/STM32L0xx_HAL_Driver/Src/stm32l0xx_ll_rtc.o
 .text.LL_RTC_DisableWriteProtection
                0x00000000080018c8       0x1c ./Drivers/STM32L0xx_HAL_Driver/Src/stm32l0xx_ll_rtc.o
 .text.LL_RTC_IsActiveFlag_INIT
                0x00000000080018e4       0x22 ./Drivers/STM32L0xx_HAL_Driver/Src/stm32l0xx_ll_rtc.o
 *fill*         0x0000000008001906        0x2 
 .text.LL_SYSTICK_IsActiveCounterFlag
                0x0000000008001908       0x28 ./Drivers/STM32L0xx_HAL_Driver/Src/stm32l0xx_ll_rtc.o
 .text.LL_RTC_Init
                0x0000000008001930       0x76 ./Drivers/STM32L0xx_HAL_Driver/Src/stm32l0xx_ll_rtc.o
                0x0000000008001930                LL_RTC_Init
 .text.LL_RTC_EnterInitMode
                0x00000000080019a6       0x88 ./Drivers/STM32L0xx_HAL_Driver/Src/stm32l0xx_ll_rtc.o
                0x00000000080019a6                LL_RTC_EnterInitMode
 .text.LL_SPI_IsEnabled
                0x0000000008001a2e       0x22 ./Drivers/STM32L0xx_HAL_Driver/Src/stm32l0xx_ll_spi.o
 .text.LL_SPI_SetCRCPolynomial
                0x0000000008001a50       0x1c ./Drivers/STM32L0xx_HAL_Driver/Src/stm32l0xx_ll_spi.o
 .text.LL_SPI_Init
                0x0000000008001a6c       0xbc ./Drivers/STM32L0xx_HAL_Driver/Src/stm32l0xx_ll_spi.o
                0x0000000008001a6c                LL_SPI_Init
 .text.LL_InitTick
                0x0000000008001b28       0x34 ./Drivers/STM32L0xx_HAL_Driver/Src/stm32l0xx_ll_utils.o
 .text.LL_Init1msTick
                0x0000000008001b5c       0x1e ./Drivers/STM32L0xx_HAL_Driver/Src/stm32l0xx_ll_utils.o
                0x0000000008001b5c                LL_Init1msTick
 *fill*         0x0000000008001b7a        0x2 
 .text.LL_SetSystemCoreClock
                0x0000000008001b7c       0x1c ./Drivers/STM32L0xx_HAL_Driver/Src/stm32l0xx_ll_utils.o
                0x0000000008001b7c                LL_SetSystemCoreClock
 .text.memset   0x0000000008001b98       0x10 C:/ST/STM32CubeIDE_1.14.1/STM32CubeIDE/plugins/com.st.stm32cube.ide.mcu.externaltools.gnu-tools-for-stm32.11.3.rel1.win32_1.1.100.202309141235/tools/bin/../lib/gcc/arm-none-eabi/11.3.1/../../../../arm-none-eabi/lib/thumb/v6-m/nofp\libc_nano.a(libc_a-memset.o)
                0x0000000008001b98                memset
 .text.__libc_init_array
                0x0000000008001ba8       0x48 C:/ST/STM32CubeIDE_1.14.1/STM32CubeIDE/plugins/com.st.stm32cube.ide.mcu.externaltools.gnu-tools-for-stm32.11.3.rel1.win32_1.1.100.202309141235/tools/bin/../lib/gcc/arm-none-eabi/11.3.1/../../../../arm-none-eabi/lib/thumb/v6-m/nofp\libc_nano.a(libc_a-init.o)
                0x0000000008001ba8                __libc_init_array
 *(.glue_7)
 .glue_7        0x0000000008001bf0        0x0 linker stubs
 *(.glue_7t)
 .glue_7t       0x0000000008001bf0        0x0 linker stubs
 *(.eh_frame)
 .eh_frame      0x0000000008001bf0        0x0 C:/ST/STM32CubeIDE_1.14.1/STM32CubeIDE/plugins/com.st.stm32cube.ide.mcu.externaltools.gnu-tools-for-stm32.11.3.rel1.win32_1.1.100.202309141235/tools/bin/../lib/gcc/arm-none-eabi/11.3.1/thumb/v6-m/nofp/crtbegin.o
 *(.init)
 .init          0x0000000008001bf0        0x4 C:/ST/STM32CubeIDE_1.14.1/STM32CubeIDE/plugins/com.st.stm32cube.ide.mcu.externaltools.gnu-tools-for-stm32.11.3.rel1.win32_1.1.100.202309141235/tools/bin/../lib/gcc/arm-none-eabi/11.3.1/thumb/v6-m/nofp/crti.o
                0x0000000008001bf0                _init
 .init          0x0000000008001bf4        0x8 C:/ST/STM32CubeIDE_1.14.1/STM32CubeIDE/plugins/com.st.stm32cube.ide.mcu.externaltools.gnu-tools-for-stm32.11.3.rel1.win32_1.1.100.202309141235/tools/bin/../lib/gcc/arm-none-eabi/11.3.1/thumb/v6-m/nofp/crtn.o
 *(.fini)
 .fini          0x0000000008001bfc        0x4 C:/ST/STM32CubeIDE_1.14.1/STM32CubeIDE/plugins/com.st.stm32cube.ide.mcu.externaltools.gnu-tools-for-stm32.11.3.rel1.win32_1.1.100.202309141235/tools/bin/../lib/gcc/arm-none-eabi/11.3.1/thumb/v6-m/nofp/crti.o
                0x0000000008001bfc                _fini
 .fini          0x0000000008001c00        0x8 C:/ST/STM32CubeIDE_1.14.1/STM32CubeIDE/plugins/com.st.stm32cube.ide.mcu.externaltools.gnu-tools-for-stm32.11.3.rel1.win32_1.1.100.202309141235/tools/bin/../lib/gcc/arm-none-eabi/11.3.1/thumb/v6-m/nofp/crtn.o
                0x0000000008001c08                . = ALIGN (0x4)
                0x0000000008001c08                _etext = .

.vfp11_veneer   0x0000000008001c08        0x0
 .vfp11_veneer  0x0000000008001c08        0x0 linker stubs

.v4_bx          0x0000000008001c08        0x0
 .v4_bx         0x0000000008001c08        0x0 linker stubs

.iplt           0x0000000008001c08        0x0
 .iplt          0x0000000008001c08        0x0 C:/ST/STM32CubeIDE_1.14.1/STM32CubeIDE/plugins/com.st.stm32cube.ide.mcu.externaltools.gnu-tools-for-stm32.11.3.rel1.win32_1.1.100.202309141235/tools/bin/../lib/gcc/arm-none-eabi/11.3.1/thumb/v6-m/nofp/crtbegin.o

.rel.dyn        0x0000000008001c08        0x0
 .rel.iplt      0x0000000008001c08        0x0 C:/ST/STM32CubeIDE_1.14.1/STM32CubeIDE/plugins/com.st.stm32cube.ide.mcu.externaltools.gnu-tools-for-stm32.11.3.rel1.win32_1.1.100.202309141235/tools/bin/../lib/gcc/arm-none-eabi/11.3.1/thumb/v6-m/nofp/crtbegin.o

.rodata         0x0000000008001c08        0x0
                0x0000000008001c08                . = ALIGN (0x4)
 *(.rodata)
 *(.rodata*)
                0x0000000008001c08                . = ALIGN (0x4)

.ARM.extab      0x0000000008001c08        0x0
                0x0000000008001c08                . = ALIGN (0x4)
 *(.ARM.extab* .gnu.linkonce.armextab.*)
                0x0000000008001c08                . = ALIGN (0x4)

.ARM            0x0000000008001c08        0x0
                0x0000000008001c08                . = ALIGN (0x4)
                0x0000000008001c08                __exidx_start = .
 *(.ARM.exidx*)
                0x0000000008001c08                __exidx_end = .
                0x0000000008001c08                . = ALIGN (0x4)

.preinit_array  0x0000000008001c08        0x0
                0x0000000008001c08                . = ALIGN (0x4)
                0x0000000008001c08                PROVIDE (__preinit_array_start = .)
 *(.preinit_array*)
                0x0000000008001c08                PROVIDE (__preinit_array_end = .)
                0x0000000008001c08                . = ALIGN (0x4)

.init_array     0x0000000008001c08        0x4
                0x0000000008001c08                . = ALIGN (0x4)
                0x0000000008001c08                PROVIDE (__init_array_start = .)
 *(SORT_BY_NAME(.init_array.*))
 *(.init_array*)
 .init_array    0x0000000008001c08        0x4 C:/ST/STM32CubeIDE_1.14.1/STM32CubeIDE/plugins/com.st.stm32cube.ide.mcu.externaltools.gnu-tools-for-stm32.11.3.rel1.win32_1.1.100.202309141235/tools/bin/../lib/gcc/arm-none-eabi/11.3.1/thumb/v6-m/nofp/crtbegin.o
                0x0000000008001c0c                PROVIDE (__init_array_end = .)
                0x0000000008001c0c                . = ALIGN (0x4)

.fini_array     0x0000000008001c0c        0x4
                0x0000000008001c0c                . = ALIGN (0x4)
                [!provide]                        PROVIDE (__fini_array_start = .)
 *(SORT_BY_NAME(.fini_array.*))
 *(.fini_array*)
 .fini_array    0x0000000008001c0c        0x4 C:/ST/STM32CubeIDE_1.14.1/STM32CubeIDE/plugins/com.st.stm32cube.ide.mcu.externaltools.gnu-tools-for-stm32.11.3.rel1.win32_1.1.100.202309141235/tools/bin/../lib/gcc/arm-none-eabi/11.3.1/thumb/v6-m/nofp/crtbegin.o
                [!provide]                        PROVIDE (__fini_array_end = .)
                0x0000000008001c10                . = ALIGN (0x4)
                0x0000000008001c10                _sidata = LOADADDR (.data)

.data           0x0000000020000000        0x4 load address 0x0000000008001c10
                0x0000000020000000                . = ALIGN (0x4)
                0x0000000020000000                _sdata = .
 *(.data)
 *(.data*)
 .data.SystemCoreClock
                0x0000000020000000        0x4 ./Core/Src/system_stm32l0xx.o
                0x0000000020000000                SystemCoreClock
 *(.RamFunc)
 *(.RamFunc*)
                0x0000000020000004                . = ALIGN (0x4)
                0x0000000020000004                _edata = .

.igot.plt       0x0000000020000004        0x0 load address 0x0000000008001c14
 .igot.plt      0x0000000020000004        0x0 C:/ST/STM32CubeIDE_1.14.1/STM32CubeIDE/plugins/com.st.stm32cube.ide.mcu.externaltools.gnu-tools-for-stm32.11.3.rel1.win32_1.1.100.202309141235/tools/bin/../lib/gcc/arm-none-eabi/11.3.1/thumb/v6-m/nofp/crtbegin.o
                0x0000000020000004                . = ALIGN (0x4)

.bss            0x0000000020000004       0x1c load address 0x0000000008001c14
                0x0000000020000004                _sbss = .
                0x0000000020000004                __bss_start__ = _sbss
 *(.bss)
 .bss           0x0000000020000004       0x1c C:/ST/STM32CubeIDE_1.14.1/STM32CubeIDE/plugins/com.st.stm32cube.ide.mcu.externaltools.gnu-tools-for-stm32.11.3.rel1.win32_1.1.100.202309141235/tools/bin/../lib/gcc/arm-none-eabi/11.3.1/thumb/v6-m/nofp/crtbegin.o
 *(.bss*)
 *(COMMON)
                0x0000000020000020                . = ALIGN (0x4)
                0x0000000020000020                _ebss = .
                0x0000000020000020                __bss_end__ = _ebss

._user_heap_stack
                0x0000000020000020      0x600 load address 0x0000000008001c14
                0x0000000020000020                . = ALIGN (0x8)
                [!provide]                        PROVIDE (end = .)
                0x0000000020000020                PROVIDE (_end = .)
                0x0000000020000220                . = (. + _Min_Heap_Size)
 *fill*         0x0000000020000020      0x200 
                0x0000000020000620                . = (. + _Min_Stack_Size)
 *fill*         0x0000000020000220      0x400 
                0x0000000020000620                . = ALIGN (0x8)

/DISCARD/
 libc.a(*)
 libm.a(*)
 libgcc.a(*)

.ARM.attributes
                0x0000000000000000       0x28
 *(.ARM.attributes)
 .ARM.attributes
                0x0000000000000000       0x1e C:/ST/STM32CubeIDE_1.14.1/STM32CubeIDE/plugins/com.st.stm32cube.ide.mcu.externaltools.gnu-tools-for-stm32.11.3.rel1.win32_1.1.100.202309141235/tools/bin/../lib/gcc/arm-none-eabi/11.3.1/thumb/v6-m/nofp/crti.o
 .ARM.attributes
                0x000000000000001e       0x2c C:/ST/STM32CubeIDE_1.14.1/STM32CubeIDE/plugins/com.st.stm32cube.ide.mcu.externaltools.gnu-tools-for-stm32.11.3.rel1.win32_1.1.100.202309141235/tools/bin/../lib/gcc/arm-none-eabi/11.3.1/thumb/v6-m/nofp/crtbegin.o
 .ARM.attributes
                0x000000000000004a       0x2c ./Core/Src/main.o
 .ARM.attributes
                0x0000000000000076       0x2c ./Core/Src/stm32l0xx_it.o
 .ARM.attributes
                0x00000000000000a2       0x2c ./Core/Src/system_stm32l0xx.o
 .ARM.attributes
                0x00000000000000ce       0x22 ./Core/Startup/startup_stm32l051k8ux.o
 .ARM.attributes
                0x00000000000000f0       0x2c ./Drivers/STM32L0xx_HAL_Driver/Src/stm32l0xx_ll_adc.o
 .ARM.attributes
                0x000000000000011c       0x2c ./Drivers/STM32L0xx_HAL_Driver/Src/stm32l0xx_ll_exti.o
 .ARM.attributes
                0x0000000000000148       0x2c ./Drivers/STM32L0xx_HAL_Driver/Src/stm32l0xx_ll_gpio.o
 .ARM.attributes
                0x0000000000000174       0x2c ./Drivers/STM32L0xx_HAL_Driver/Src/stm32l0xx_ll_rtc.o
 .ARM.attributes
                0x00000000000001a0       0x2c ./Drivers/STM32L0xx_HAL_Driver/Src/stm32l0xx_ll_spi.o
 .ARM.attributes
                0x00000000000001cc       0x2c ./Drivers/STM32L0xx_HAL_Driver/Src/stm32l0xx_ll_utils.o
 .ARM.attributes
                0x00000000000001f8       0x2c C:/ST/STM32CubeIDE_1.14.1/STM32CubeIDE/plugins/com.st.stm32cube.ide.mcu.externaltools.gnu-tools-for-stm32.11.3.rel1.win32_1.1.100.202309141235/tools/bin/../lib/gcc/arm-none-eabi/11.3.1/../../../../arm-none-eabi/lib/thumb/v6-m/nofp\libc_nano.a(libc_a-memset.o)
 .ARM.attributes
                0x0000000000000224       0x2c C:/ST/STM32CubeIDE_1.14.1/STM32CubeIDE/plugins/com.st.stm32cube.ide.mcu.externaltools.gnu-tools-for-stm32.11.3.rel1.win32_1.1.100.202309141235/tools/bin/../lib/gcc/arm-none-eabi/11.3.1/../../../../arm-none-eabi/lib/thumb/v6-m/nofp\libc_nano.a(libc_a-init.o)
 .ARM.attributes
                0x0000000000000250       0x1e C:/ST/STM32CubeIDE_1.14.1/STM32CubeIDE/plugins/com.st.stm32cube.ide.mcu.externaltools.gnu-tools-for-stm32.11.3.rel1.win32_1.1.100.202309141235/tools/bin/../lib/gcc/arm-none-eabi/11.3.1/thumb/v6-m/nofp\libgcc.a(_udivsi3.o)
 .ARM.attributes
                0x000000000000026e       0x1e C:/ST/STM32CubeIDE_1.14.1/STM32CubeIDE/plugins/com.st.stm32cube.ide.mcu.externaltools.gnu-tools-for-stm32.11.3.rel1.win32_1.1.100.202309141235/tools/bin/../lib/gcc/arm-none-eabi/11.3.1/thumb/v6-m/nofp\libgcc.a(_dvmd_tls.o)
 .ARM.attributes
                0x000000000000028c       0x1e C:/ST/STM32CubeIDE_1.14.1/STM32CubeIDE/plugins/com.st.stm32cube.ide.mcu.externaltools.gnu-tools-for-stm32.11.3.rel1.win32_1.1.100.202309141235/tools/bin/../lib/gcc/arm-none-eabi/11.3.1/thumb/v6-m/nofp/crtn.o
OUTPUT(epd_testbench.elf elf32-littlearm)
LOAD linker stubs
LOAD C:/ST/STM32CubeIDE_1.14.1/STM32CubeIDE/plugins/com.st.stm32cube.ide.mcu.externaltools.gnu-tools-for-stm32.11.3.rel1.win32_1.1.100.202309141235/tools/bin/../lib/gcc/arm-none-eabi/11.3.1/../../../../arm-none-eabi/lib/thumb/v6-m/nofp\libc.a
LOAD C:/ST/STM32CubeIDE_1.14.1/STM32CubeIDE/plugins/com.st.stm32cube.ide.mcu.externaltools.gnu-tools-for-stm32.11.3.rel1.win32_1.1.100.202309141235/tools/bin/../lib/gcc/arm-none-eabi/11.3.1/../../../../arm-none-eabi/lib/thumb/v6-m/nofp\libm.a
LOAD C:/ST/STM32CubeIDE_1.14.1/STM32CubeIDE/plugins/com.st.stm32cube.ide.mcu.externaltools.gnu-tools-for-stm32.11.3.rel1.win32_1.1.100.202309141235/tools/bin/../lib/gcc/arm-none-eabi/11.3.1/thumb/v6-m/nofp\libgcc.a

.comment        0x0000000000000000       0x43
 .comment       0x0000000000000000       0x43 C:/ST/STM32CubeIDE_1.14.1/STM32CubeIDE/plugins/com.st.stm32cube.ide.mcu.externaltools.gnu-tools-for-stm32.11.3.rel1.win32_1.1.100.202309141235/tools/bin/../lib/gcc/arm-none-eabi/11.3.1/thumb/v6-m/nofp/crtbegin.o
                                         0x44 (size before relaxing)
 .comment       0x0000000000000043       0x44 ./Core/Src/main.o
 .comment       0x0000000000000043       0x44 ./Core/Src/stm32l0xx_it.o
 .comment       0x0000000000000043       0x44 ./Core/Src/system_stm32l0xx.o
 .comment       0x0000000000000043       0x44 ./Drivers/STM32L0xx_HAL_Driver/Src/stm32l0xx_ll_adc.o
 .comment       0x0000000000000043       0x44 ./Drivers/STM32L0xx_HAL_Driver/Src/stm32l0xx_ll_exti.o
 .comment       0x0000000000000043       0x44 ./Drivers/STM32L0xx_HAL_Driver/Src/stm32l0xx_ll_gpio.o
 .comment       0x0000000000000043       0x44 ./Drivers/STM32L0xx_HAL_Driver/Src/stm32l0xx_ll_rtc.o
 .comment       0x0000000000000043       0x44 ./Drivers/STM32L0xx_HAL_Driver/Src/stm32l0xx_ll_spi.o
 .comment       0x0000000000000043       0x44 ./Drivers/STM32L0xx_HAL_Driver/Src/stm32l0xx_ll_utils.o

.debug_info     0x0000000000000000     0x4953
 .debug_info    0x0000000000000000     0x1949 ./Core/Src/main.o
 .debug_info    0x0000000000001949      0x125 ./Core/Src/stm32l0xx_it.o
 .debug_info    0x0000000000001a6e      0x2c9 ./Core/Src/system_stm32l0xx.o
 .debug_info    0x0000000000001d37       0x23 ./Core/Startup/startup_stm32l051k8ux.o
 .debug_info    0x0000000000001d5a      0x742 ./Drivers/STM32L0xx_HAL_Driver/Src/stm32l0xx_ll_adc.o
 .debug_info    0x000000000000249c      0x330 ./Drivers/STM32L0xx_HAL_Driver/Src/stm32l0xx_ll_exti.o
 .debug_info    0x00000000000027cc      0x566 ./Drivers/STM32L0xx_HAL_Driver/Src/stm32l0xx_ll_gpio.o
 .debug_info    0x0000000000002d32      0xcc9 ./Drivers/STM32L0xx_HAL_Driver/Src/stm32l0xx_ll_rtc.o
 .debug_info    0x00000000000039fb      0x6ee ./Drivers/STM32L0xx_HAL_Driver/Src/stm32l0xx_ll_spi.o
 .debug_info    0x00000000000040e9      0x86a ./Drivers/STM32L0xx_HAL_Driver/Src/stm32l0xx_ll_utils.o

.debug_abbrev   0x0000000000000000     0x1021
 .debug_abbrev  0x0000000000000000      0x2f4 ./Core/Src/main.o
 .debug_abbrev  0x00000000000002f4       0x80 ./Core/Src/stm32l0xx_it.o
 .debug_abbrev  0x0000000000000374      0x11c ./Core/Src/system_stm32l0xx.o
 .debug_abbrev  0x0000000000000490       0x12 ./Core/Startup/startup_stm32l051k8ux.o
 .debug_abbrev  0x00000000000004a2      0x1e1 ./Drivers/STM32L0xx_HAL_Driver/Src/stm32l0xx_ll_adc.o
 .debug_abbrev  0x0000000000000683      0x159 ./Drivers/STM32L0xx_HAL_Driver/Src/stm32l0xx_ll_exti.o
 .debug_abbrev  0x00000000000007dc      0x1a6 ./Drivers/STM32L0xx_HAL_Driver/Src/stm32l0xx_ll_gpio.o
 .debug_abbrev  0x0000000000000982      0x22f ./Drivers/STM32L0xx_HAL_Driver/Src/stm32l0xx_ll_rtc.o
 .debug_abbrev  0x0000000000000bb1      0x218 ./Drivers/STM32L0xx_HAL_Driver/Src/stm32l0xx_ll_spi.o
 .debug_abbrev  0x0000000000000dc9      0x258 ./Drivers/STM32L0xx_HAL_Driver/Src/stm32l0xx_ll_utils.o

.debug_aranges  0x0000000000000000      0x740
 .debug_aranges
                0x0000000000000000      0x240 ./Core/Src/main.o
 .debug_aranges
                0x0000000000000240       0x50 ./Core/Src/stm32l0xx_it.o
 .debug_aranges
                0x0000000000000290       0x28 ./Core/Src/system_stm32l0xx.o
 .debug_aranges
                0x00000000000002b8       0x28 ./Core/Startup/startup_stm32l051k8ux.o
 .debug_aranges
                0x00000000000002e0       0xa8 ./Drivers/STM32L0xx_HAL_Driver/Src/stm32l0xx_ll_adc.o
 .debug_aranges
                0x0000000000000388       0x70 ./Drivers/STM32L0xx_HAL_Driver/Src/stm32l0xx_ll_exti.o
 .debug_aranges
                0x00000000000003f8       0x70 ./Drivers/STM32L0xx_HAL_Driver/Src/stm32l0xx_ll_gpio.o
 .debug_aranges
                0x0000000000000468      0x160 ./Drivers/STM32L0xx_HAL_Driver/Src/stm32l0xx_ll_rtc.o
 .debug_aranges
                0x00000000000005c8       0x88 ./Drivers/STM32L0xx_HAL_Driver/Src/stm32l0xx_ll_spi.o
 .debug_aranges
                0x0000000000000650       0xf0 ./Drivers/STM32L0xx_HAL_Driver/Src/stm32l0xx_ll_utils.o

.debug_rnglists
                0x0000000000000000      0x554
 .debug_rnglists
                0x0000000000000000      0x1b0 ./Core/Src/main.o
 .debug_rnglists
                0x00000000000001b0       0x37 ./Core/Src/stm32l0xx_it.o
 .debug_rnglists
                0x00000000000001e7       0x1a ./Core/Src/system_stm32l0xx.o
 .debug_rnglists
                0x0000000000000201       0x19 ./Core/Startup/startup_stm32l051k8ux.o
 .debug_rnglists
                0x000000000000021a       0x7a ./Drivers/STM32L0xx_HAL_Driver/Src/stm32l0xx_ll_adc.o
 .debug_rnglists
                0x0000000000000294       0x50 ./Drivers/STM32L0xx_HAL_Driver/Src/stm32l0xx_ll_exti.o
 .debug_rnglists
                0x00000000000002e4       0x51 ./Drivers/STM32L0xx_HAL_Driver/Src/stm32l0xx_ll_gpio.o
 .debug_rnglists
                0x0000000000000335      0x109 ./Drivers/STM32L0xx_HAL_Driver/Src/stm32l0xx_ll_rtc.o
 .debug_rnglists
                0x000000000000043e       0x63 ./Drivers/STM32L0xx_HAL_Driver/Src/stm32l0xx_ll_spi.o
 .debug_rnglists
                0x00000000000004a1       0xb3 ./Drivers/STM32L0xx_HAL_Driver/Src/stm32l0xx_ll_utils.o

.debug_macro    0x0000000000000000     0xc9bf
 .debug_macro   0x0000000000000000      0x161 ./Core/Src/main.o
 .debug_macro   0x0000000000000161      0xac0 ./Core/Src/main.o
 .debug_macro   0x0000000000000c21       0x2e ./Core/Src/main.o
 .debug_macro   0x0000000000000c4f       0x28 ./Core/Src/main.o
 .debug_macro   0x0000000000000c77       0x22 ./Core/Src/main.o
 .debug_macro   0x0000000000000c99       0x8e ./Core/Src/main.o
 .debug_macro   0x0000000000000d27       0x51 ./Core/Src/main.o
 .debug_macro   0x0000000000000d78      0x103 ./Core/Src/main.o
 .debug_macro   0x0000000000000e7b       0x6a ./Core/Src/main.o
 .debug_macro   0x0000000000000ee5      0x1df ./Core/Src/main.o
 .debug_macro   0x00000000000010c4       0x1c ./Core/Src/main.o
 .debug_macro   0x00000000000010e0       0x22 ./Core/Src/main.o
 .debug_macro   0x0000000000001102       0xaf ./Core/Src/main.o
 .debug_macro   0x00000000000011b1      0x4da ./Core/Src/main.o
 .debug_macro   0x000000000000168b      0x11f ./Core/Src/main.o
 .debug_macro   0x00000000000017aa     0x8248 ./Core/Src/main.o
 .debug_macro   0x00000000000099f2       0x66 ./Core/Src/main.o
 .debug_macro   0x0000000000009a58      0x6be ./Core/Src/main.o
 .debug_macro   0x000000000000a116       0x5f ./Core/Src/main.o
 .debug_macro   0x000000000000a175      0x1ca ./Core/Src/main.o
 .debug_macro   0x000000000000a33f      0x3d7 ./Core/Src/main.o
 .debug_macro   0x000000000000a716       0xd5 ./Core/Src/main.o
 .debug_macro   0x000000000000a7eb      0x167 ./Core/Src/main.o
 .debug_macro   0x000000000000a952      0x108 ./Core/Src/main.o
 .debug_macro   0x000000000000aa5a      0x189 ./Core/Src/main.o
 .debug_macro   0x000000000000abe3       0x2a ./Core/Src/main.o
 .debug_macro   0x000000000000ac0d       0xc1 ./Core/Src/main.o
 .debug_macro   0x000000000000acce      0x303 ./Core/Src/main.o
 .debug_macro   0x000000000000afd1      0x3f7 ./Core/Src/main.o
 .debug_macro   0x000000000000b3c8      0x23b ./Core/Src/main.o
 .debug_macro   0x000000000000b603      0x12d ./Core/Src/main.o
 .debug_macro   0x000000000000b730       0xa6 ./Core/Src/main.o
 .debug_macro   0x000000000000b7d6      0x16b ./Core/Src/stm32l0xx_it.o
 .debug_macro   0x000000000000b941       0xc4 ./Core/Src/system_stm32l0xx.o
 .debug_macro   0x000000000000ba05      0x13b ./Drivers/STM32L0xx_HAL_Driver/Src/stm32l0xx_ll_adc.o
 .debug_macro   0x000000000000bb40       0xeb ./Drivers/STM32L0xx_HAL_Driver/Src/stm32l0xx_ll_exti.o
 .debug_macro   0x000000000000bc2b      0x102 ./Drivers/STM32L0xx_HAL_Driver/Src/stm32l0xx_ll_exti.o
 .debug_macro   0x000000000000bd2d      0x106 ./Drivers/STM32L0xx_HAL_Driver/Src/stm32l0xx_ll_gpio.o
 .debug_macro   0x000000000000be33      0x127 ./Drivers/STM32L0xx_HAL_Driver/Src/stm32l0xx_ll_gpio.o
 .debug_macro   0x000000000000bf5a      0x160 ./Drivers/STM32L0xx_HAL_Driver/Src/stm32l0xx_ll_rtc.o
 .debug_macro   0x000000000000c0ba      0x3f1 ./Drivers/STM32L0xx_HAL_Driver/Src/stm32l0xx_ll_rtc.o
 .debug_macro   0x000000000000c4ab      0x173 ./Drivers/STM32L0xx_HAL_Driver/Src/stm32l0xx_ll_spi.o
 .debug_macro   0x000000000000c61e      0x235 ./Drivers/STM32L0xx_HAL_Driver/Src/stm32l0xx_ll_spi.o
 .debug_macro   0x000000000000c853      0x16c ./Drivers/STM32L0xx_HAL_Driver/Src/stm32l0xx_ll_utils.o

.debug_line     0x0000000000000000     0x5089
 .debug_line    0x0000000000000000     0x105b ./Core/Src/main.o
 .debug_line    0x000000000000105b      0x708 ./Core/Src/stm32l0xx_it.o
 .debug_line    0x0000000000001763      0x5ad ./Core/Src/system_stm32l0xx.o
 .debug_line    0x0000000000001d10       0x7b ./Core/Startup/startup_stm32l051k8ux.o
 .debug_line    0x0000000000001d8b      0x7c8 ./Drivers/STM32L0xx_HAL_Driver/Src/stm32l0xx_ll_adc.o
 .debug_line    0x0000000000002553      0x68f ./Drivers/STM32L0xx_HAL_Driver/Src/stm32l0xx_ll_exti.o
 .debug_line    0x0000000000002be2      0x6db ./Drivers/STM32L0xx_HAL_Driver/Src/stm32l0xx_ll_gpio.o
 .debug_line    0x00000000000032bd      0xc60 ./Drivers/STM32L0xx_HAL_Driver/Src/stm32l0xx_ll_rtc.o
 .debug_line    0x0000000000003f1d      0x7a0 ./Drivers/STM32L0xx_HAL_Driver/Src/stm32l0xx_ll_spi.o
 .debug_line    0x00000000000046bd      0x9cc ./Drivers/STM32L0xx_HAL_Driver/Src/stm32l0xx_ll_utils.o

.debug_str      0x0000000000000000    0x4662b
 .debug_str     0x0000000000000000    0x4266f ./Core/Src/main.o
                                      0x429de (size before relaxing)
 .debug_str     0x000000000004266f       0x97 ./Core/Src/stm32l0xx_it.o
                                      0x41b9b (size before relaxing)
 .debug_str     0x0000000000042706       0x89 ./Core/Src/system_stm32l0xx.o
                                      0x34186 (size before relaxing)
 .debug_str     0x000000000004278f       0x34 ./Core/Startup/startup_stm32l051k8ux.o
                                         0x5c (size before relaxing)
 .debug_str     0x00000000000427c3      0xdfe ./Drivers/STM32L0xx_HAL_Driver/Src/stm32l0xx_ll_adc.o
                                      0x39c70 (size before relaxing)
 .debug_str     0x00000000000435c1      0x313 ./Drivers/STM32L0xx_HAL_Driver/Src/stm32l0xx_ll_exti.o
                                      0x34915 (size before relaxing)
 .debug_str     0x00000000000438d4      0x513 ./Drivers/STM32L0xx_HAL_Driver/Src/stm32l0xx_ll_gpio.o
                                      0x35396 (size before relaxing)
 .debug_str     0x0000000000043de7      0xd5a ./Drivers/STM32L0xx_HAL_Driver/Src/stm32l0xx_ll_rtc.o
                                      0x37529 (size before relaxing)
 .debug_str     0x0000000000044b41      0xe4b ./Drivers/STM32L0xx_HAL_Driver/Src/stm32l0xx_ll_spi.o
                                      0x37d04 (size before relaxing)
 .debug_str     0x000000000004598c      0xc9f ./Drivers/STM32L0xx_HAL_Driver/Src/stm32l0xx_ll_utils.o
                                      0x378d5 (size before relaxing)

.debug_frame    0x0000000000000000     0x1984
 .debug_frame   0x0000000000000000      0x85c ./Core/Src/main.o
 .debug_frame   0x000000000000085c       0xd4 ./Core/Src/stm32l0xx_it.o
 .debug_frame   0x0000000000000930       0x4c ./Core/Src/system_stm32l0xx.o
 .debug_frame   0x000000000000097c      0x250 ./Drivers/STM32L0xx_HAL_Driver/Src/stm32l0xx_ll_adc.o
 .debug_frame   0x0000000000000bcc      0x16c ./Drivers/STM32L0xx_HAL_Driver/Src/stm32l0xx_ll_exti.o
 .debug_frame   0x0000000000000d38      0x170 ./Drivers/STM32L0xx_HAL_Driver/Src/stm32l0xx_ll_gpio.o
 .debug_frame   0x0000000000000ea8      0x55c ./Drivers/STM32L0xx_HAL_Driver/Src/stm32l0xx_ll_rtc.o
 .debug_frame   0x0000000000001404      0x1d0 ./Drivers/STM32L0xx_HAL_Driver/Src/stm32l0xx_ll_spi.o
 .debug_frame   0x00000000000015d4      0x344 ./Drivers/STM32L0xx_HAL_Driver/Src/stm32l0xx_ll_utils.o
 .debug_frame   0x0000000000001918       0x20 C:/ST/STM32CubeIDE_1.14.1/STM32CubeIDE/plugins/com.st.stm32cube.ide.mcu.externaltools.gnu-tools-for-stm32.11.3.rel1.win32_1.1.100.202309141235/tools/bin/../lib/gcc/arm-none-eabi/11.3.1/../../../../arm-none-eabi/lib/thumb/v6-m/nofp\libc_nano.a(libc_a-memset.o)
 .debug_frame   0x0000000000001938       0x2c C:/ST/STM32CubeIDE_1.14.1/STM32CubeIDE/plugins/com.st.stm32cube.ide.mcu.externaltools.gnu-tools-for-stm32.11.3.rel1.win32_1.1.100.202309141235/tools/bin/../lib/gcc/arm-none-eabi/11.3.1/../../../../arm-none-eabi/lib/thumb/v6-m/nofp\libc_nano.a(libc_a-init.o)
 .debug_frame   0x0000000000001964       0x20 C:/ST/STM32CubeIDE_1.14.1/STM32CubeIDE/plugins/com.st.stm32cube.ide.mcu.externaltools.gnu-tools-for-stm32.11.3.rel1.win32_1.1.100.202309141235/tools/bin/../lib/gcc/arm-none-eabi/11.3.1/thumb/v6-m/nofp\libgcc.a(_udivsi3.o)

.debug_line_str
                0x0000000000000000       0x50
 .debug_line_str
                0x0000000000000000       0x50 ./Core/Startup/startup_stm32l051k8ux.o
                                         0x68 (size before relaxing)
