../Drivers/CMSIS/Include/core_cm0plus.h:741:22:__NVIC_EnableIRQ	2
../Drivers/CMSIS/Include/core_cm0plus.h:848:22:__NVIC_SetPriority	2
../Drivers/STM32L0xx_HAL_Driver/Inc/stm32l0xx_ll_adc.h:1737:22:LL_ADC_SetCommonFrequencyMode	1
../Drivers/STM32L0xx_HAL_Driver/Inc/stm32l0xx_ll_adc.h:2153:22:LL_ADC_SetSamplingTimeCommonChannels	1
../Drivers/STM32L0xx_HAL_Driver/Inc/stm32l0xx_ll_adc.h:2341:22:LL_ADC_REG_SetSequencerScanDirection	1
../Drivers/STM32L0xx_HAL_Driver/Inc/stm32l0xx_ll_adc.h:2547:22:LL_ADC_REG_SetSequencerChAdd	1
../Drivers/STM32L0xx_HAL_Driver/Inc/stm32l0xx_ll_adc.h:3137:22:LL_ADC_SetOverSamplingScope	1
../Drivers/STM32L0xx_HAL_Driver/Inc/stm32l0xx_ll_adc.h:3305:22:LL_ADC_EnableInternalRegulator	1
../Drivers/STM32L0xx_HAL_Driver/Inc/stm32l0xx_ll_adc.h:3879:22:LL_ADC_DisableIT_EOC	1
../Drivers/STM32L0xx_HAL_Driver/Inc/stm32l0xx_ll_adc.h:3890:22:LL_ADC_DisableIT_EOS	1
../Drivers/STM32L0xx_HAL_Driver/Inc/stm32l0xx_ll_crc.h:172:22:LL_CRC_SetPolynomialSize	1
../Drivers/STM32L0xx_HAL_Driver/Inc/stm32l0xx_ll_crc.h:203:22:LL_CRC_SetInputDataReverseMode	1
../Drivers/STM32L0xx_HAL_Driver/Inc/stm32l0xx_ll_crc.h:232:22:LL_CRC_SetOutputDataReverseMode	1
../Drivers/STM32L0xx_HAL_Driver/Inc/stm32l0xx_ll_crc.h:260:22:LL_CRC_SetInitialData	1
../Drivers/STM32L0xx_HAL_Driver/Inc/stm32l0xx_ll_crc.h:290:22:LL_CRC_SetPolynomialCoef	1
../Drivers/STM32L0xx_HAL_Driver/Inc/stm32l0xx_ll_lptim.h:396:22:LL_LPTIM_SetUpdateMode	1
../Drivers/STM32L0xx_HAL_Driver/Inc/stm32l0xx_ll_lptim.h:495:22:LL_LPTIM_SetCounterMode	1
../Drivers/STM32L0xx_HAL_Driver/Inc/stm32l0xx_ll_lptim.h:571:22:LL_LPTIM_SetPolarity	1
../Drivers/STM32L0xx_HAL_Driver/Inc/stm32l0xx_ll_lptim.h:609:22:LL_LPTIM_SetPrescaler	1
../Drivers/STM32L0xx_HAL_Driver/Inc/stm32l0xx_ll_lptim.h:690:22:LL_LPTIM_TrigSw	1
../Drivers/STM32L0xx_HAL_Driver/Inc/stm32l0xx_ll_lptim.h:801:22:LL_LPTIM_SetClockSource	1
../Drivers/STM32L0xx_HAL_Driver/Inc/stm32l0xx_ll_rcc.h:780:22:LL_RCC_HSI_Enable	1
../Drivers/STM32L0xx_HAL_Driver/Inc/stm32l0xx_ll_rcc.h:800:26:LL_RCC_HSI_IsReady	2
../Drivers/STM32L0xx_HAL_Driver/Inc/stm32l0xx_ll_rcc.h:831:22:LL_RCC_HSI_EnableDivider	1
../Drivers/STM32L0xx_HAL_Driver/Inc/stm32l0xx_ll_rcc.h:891:22:LL_RCC_HSI_SetCalibTrimming	1
../Drivers/STM32L0xx_HAL_Driver/Inc/stm32l0xx_ll_rcc.h:1003:22:LL_RCC_LSE_Enable	1
../Drivers/STM32L0xx_HAL_Driver/Inc/stm32l0xx_ll_rcc.h:1049:22:LL_RCC_LSE_SetDriveCapability	1
../Drivers/STM32L0xx_HAL_Driver/Inc/stm32l0xx_ll_rcc.h:1095:26:LL_RCC_LSE_IsReady	2
../Drivers/STM32L0xx_HAL_Driver/Inc/stm32l0xx_ll_rcc.h:1123:22:LL_RCC_LSI_Enable	1
../Drivers/STM32L0xx_HAL_Driver/Inc/stm32l0xx_ll_rcc.h:1143:26:LL_RCC_LSI_IsReady	2
../Drivers/STM32L0xx_HAL_Driver/Inc/stm32l0xx_ll_rcc.h:1273:22:LL_RCC_SetSysClkSource	1
../Drivers/STM32L0xx_HAL_Driver/Inc/stm32l0xx_ll_rcc.h:1287:26:LL_RCC_GetSysClkSource	1
../Drivers/STM32L0xx_HAL_Driver/Inc/stm32l0xx_ll_rcc.h:1307:22:LL_RCC_SetAHBPrescaler	1
../Drivers/STM32L0xx_HAL_Driver/Inc/stm32l0xx_ll_rcc.h:1323:22:LL_RCC_SetAPB1Prescaler	1
../Drivers/STM32L0xx_HAL_Driver/Inc/stm32l0xx_ll_rcc.h:1339:22:LL_RCC_SetAPB2Prescaler	1
../Drivers/STM32L0xx_HAL_Driver/Inc/stm32l0xx_ll_rcc.h:1528:22:LL_RCC_SetLPTIMClockSource	1
../Drivers/STM32L0xx_HAL_Driver/Inc/stm32l0xx_ll_rcc.h:1700:22:LL_RCC_SetRTCClockSource	1
../Drivers/STM32L0xx_HAL_Driver/Inc/stm32l0xx_ll_rcc.h:1714:26:LL_RCC_GetRTCClockSource	1
../Drivers/STM32L0xx_HAL_Driver/Inc/stm32l0xx_ll_rcc.h:1724:22:LL_RCC_EnableRTC	1
../Drivers/STM32L0xx_HAL_Driver/Inc/stm32l0xx_ll_rcc.h:1754:22:LL_RCC_ForceBackupDomainReset	1
../Drivers/STM32L0xx_HAL_Driver/Inc/stm32l0xx_ll_rcc.h:1764:22:LL_RCC_ReleaseBackupDomainReset	1
../Drivers/STM32L0xx_HAL_Driver/Inc/stm32l0xx_ll_rcc.h:1782:22:LL_RCC_PLL_Enable	1
../Drivers/STM32L0xx_HAL_Driver/Inc/stm32l0xx_ll_rcc.h:1803:26:LL_RCC_PLL_IsReady	2
../Drivers/STM32L0xx_HAL_Driver/Inc/stm32l0xx_ll_rcc.h:1832:22:LL_RCC_PLL_ConfigDomain_SYS	1
../Drivers/STM32L0xx_HAL_Driver/Inc/stm32l0xx_ll_bus.h:222:22:LL_AHB1_GRP1_EnableClock	1
../Drivers/STM32L0xx_HAL_Driver/Inc/stm32l0xx_ll_bus.h:438:22:LL_APB1_GRP1_EnableClock	1
../Drivers/STM32L0xx_HAL_Driver/Inc/stm32l0xx_ll_bus.h:784:22:LL_APB2_GRP1_EnableClock	1
../Drivers/STM32L0xx_HAL_Driver/Inc/stm32l0xx_ll_bus.h:985:22:LL_IOP_GRP1_EnableClock	1
../Drivers/STM32L0xx_HAL_Driver/Inc/stm32l0xx_ll_system.h:651:22:LL_SYSCFG_SetEXTISource	1
../Drivers/STM32L0xx_HAL_Driver/Inc/stm32l0xx_ll_system.h:913:22:LL_FLASH_SetLatency	1
../Drivers/STM32L0xx_HAL_Driver/Inc/stm32l0xx_ll_system.h:925:26:LL_FLASH_GetLatency	1
../Drivers/STM32L0xx_HAL_Driver/Inc/stm32l0xx_ll_pwr.h:271:22:LL_PWR_SetRegulVoltageScaling	1
../Drivers/STM32L0xx_HAL_Driver/Inc/stm32l0xx_ll_pwr.h:294:22:LL_PWR_EnableBkUpAccess	1
../Drivers/STM32L0xx_HAL_Driver/Inc/stm32l0xx_ll_pwr.h:678:26:LL_PWR_IsActiveFlag_VOS	1
../Drivers/STM32L0xx_HAL_Driver/Inc/stm32l0xx_ll_rtc.h:2879:22:LL_RTC_WAKEUP_SetClock	1
../Drivers/STM32L0xx_HAL_Driver/Inc/stm32l0xx_ll_spi.h:365:22:LL_SPI_SetStandard	1
../Drivers/STM32L0xx_HAL_Driver/Inc/stm32l0xx_ll_gpio.h:269:22:LL_GPIO_SetPinMode	1
../Drivers/STM32L0xx_HAL_Driver/Inc/stm32l0xx_ll_gpio.h:477:22:LL_GPIO_SetPinPull	1
../Drivers/STM32L0xx_HAL_Driver/Inc/stm32l0xx_ll_gpio.h:843:22:LL_GPIO_SetOutputPin	1
../Drivers/STM32L0xx_HAL_Driver/Inc/stm32l0xx_ll_gpio.h:872:22:LL_GPIO_ResetOutputPin	1
../Core/Src/main.c:69:5:main	1
../Core/Src/main.c:121:6:SystemClock_Config	10
../Core/Src/main.c:196:13:MX_ADC_Init	2
../Core/Src/main.c:273:13:MX_CRC_Init	1
../Core/Src/main.c:302:13:MX_LPTIM1_Init	1
../Core/Src/main.c:336:13:MX_RTC_Init	1
../Core/Src/main.c:380:13:MX_SPI1_Init	1
../Core/Src/main.c:442:13:MX_GPIO_Init	1
../Core/Src/main.c:559:6:Error_Handler	1
