Archive member included to satisfy reference by file (symbol)

c:/developtools/gcc-arm-none-eabi-10.3-2021.10/bin/../lib/gcc/arm-none-eabi/10.3.1/../../../../arm-none-eabi/lib/thumb/v6-m/nofp\libc_nano.a(lib_a-exit.o)
                              c:/developtools/gcc-arm-none-eabi-10.3-2021.10/bin/../lib/gcc/arm-none-eabi/10.3.1/../../../../arm-none-eabi/lib/thumb/v6-m/nofp/crt0.o (exit)
c:/developtools/gcc-arm-none-eabi-10.3-2021.10/bin/../lib/gcc/arm-none-eabi/10.3.1/../../../../arm-none-eabi/lib/thumb/v6-m/nofp\libc_nano.a(lib_a-impure.o)
                              c:/developtools/gcc-arm-none-eabi-10.3-2021.10/bin/../lib/gcc/arm-none-eabi/10.3.1/../../../../arm-none-eabi/lib/thumb/v6-m/nofp\libc_nano.a(lib_a-exit.o) (_global_impure_ptr)
c:/developtools/gcc-arm-none-eabi-10.3-2021.10/bin/../lib/gcc/arm-none-eabi/10.3.1/../../../../arm-none-eabi/lib/thumb/v6-m/nofp\libc_nano.a(lib_a-init.o)
                              c:/developtools/gcc-arm-none-eabi-10.3-2021.10/bin/../lib/gcc/arm-none-eabi/10.3.1/../../../../arm-none-eabi/lib/thumb/v6-m/nofp/crt0.o (__libc_init_array)
c:/developtools/gcc-arm-none-eabi-10.3-2021.10/bin/../lib/gcc/arm-none-eabi/10.3.1/../../../../arm-none-eabi/lib/thumb/v6-m/nofp\libc_nano.a(lib_a-memset.o)
                              c:/developtools/gcc-arm-none-eabi-10.3-2021.10/bin/../lib/gcc/arm-none-eabi/10.3.1/../../../../arm-none-eabi/lib/thumb/v6-m/nofp/crt0.o (memset)
c:/developtools/gcc-arm-none-eabi-10.3-2021.10/bin/../lib/gcc/arm-none-eabi/10.3.1/../../../../arm-none-eabi/lib/thumb/v6-m/nofp\libnosys.a(_exit.o)
                              c:/developtools/gcc-arm-none-eabi-10.3-2021.10/bin/../lib/gcc/arm-none-eabi/10.3.1/../../../../arm-none-eabi/lib/thumb/v6-m/nofp\libc_nano.a(lib_a-exit.o) (_exit)
c:/developtools/gcc-arm-none-eabi-10.3-2021.10/bin/../lib/gcc/arm-none-eabi/10.3.1/thumb/v6-m/nofp\libgcc.a(_udivsi3.o)
                              build/main.o (__aeabi_uidiv)
c:/developtools/gcc-arm-none-eabi-10.3-2021.10/bin/../lib/gcc/arm-none-eabi/10.3.1/thumb/v6-m/nofp\libgcc.a(_dvmd_tls.o)
                              c:/developtools/gcc-arm-none-eabi-10.3-2021.10/bin/../lib/gcc/arm-none-eabi/10.3.1/thumb/v6-m/nofp\libgcc.a(_udivsi3.o) (__aeabi_idiv0)

Discarded input sections

 .text          0x00000000        0x0 c:/developtools/gcc-arm-none-eabi-10.3-2021.10/bin/../lib/gcc/arm-none-eabi/10.3.1/thumb/v6-m/nofp/crti.o
 .data          0x00000000        0x0 c:/developtools/gcc-arm-none-eabi-10.3-2021.10/bin/../lib/gcc/arm-none-eabi/10.3.1/thumb/v6-m/nofp/crti.o
 .bss           0x00000000        0x0 c:/developtools/gcc-arm-none-eabi-10.3-2021.10/bin/../lib/gcc/arm-none-eabi/10.3.1/thumb/v6-m/nofp/crti.o
 .data          0x00000000        0x4 c:/developtools/gcc-arm-none-eabi-10.3-2021.10/bin/../lib/gcc/arm-none-eabi/10.3.1/thumb/v6-m/nofp/crtbegin.o
 .rodata        0x00000000       0x24 c:/developtools/gcc-arm-none-eabi-10.3-2021.10/bin/../lib/gcc/arm-none-eabi/10.3.1/thumb/v6-m/nofp/crtbegin.o
 .text          0x00000000       0x80 c:/developtools/gcc-arm-none-eabi-10.3-2021.10/bin/../lib/gcc/arm-none-eabi/10.3.1/../../../../arm-none-eabi/lib/thumb/v6-m/nofp/crt0.o
 .data          0x00000000        0x0 c:/developtools/gcc-arm-none-eabi-10.3-2021.10/bin/../lib/gcc/arm-none-eabi/10.3.1/../../../../arm-none-eabi/lib/thumb/v6-m/nofp/crt0.o
 .bss           0x00000000        0x0 c:/developtools/gcc-arm-none-eabi-10.3-2021.10/bin/../lib/gcc/arm-none-eabi/10.3.1/../../../../arm-none-eabi/lib/thumb/v6-m/nofp/crt0.o
 .ARM.extab     0x00000000        0x0 c:/developtools/gcc-arm-none-eabi-10.3-2021.10/bin/../lib/gcc/arm-none-eabi/10.3.1/../../../../arm-none-eabi/lib/thumb/v6-m/nofp/crt0.o
 .ARM.exidx     0x00000000       0x10 c:/developtools/gcc-arm-none-eabi-10.3-2021.10/bin/../lib/gcc/arm-none-eabi/10.3.1/../../../../arm-none-eabi/lib/thumb/v6-m/nofp/crt0.o
 .ARM.attributes
                0x00000000       0x1b c:/developtools/gcc-arm-none-eabi-10.3-2021.10/bin/../lib/gcc/arm-none-eabi/10.3.1/../../../../arm-none-eabi/lib/thumb/v6-m/nofp/crt0.o
 .text          0x00000000        0x0 build/main.o
 .data          0x00000000        0x0 build/main.o
 .bss           0x00000000        0x0 build/main.o
 .text.Error_Handler
                0x00000000        0x4 build/main.o
 .text          0x00000000        0x0 build/stm32l0xx_it.o
 .data          0x00000000        0x0 build/stm32l0xx_it.o
 .bss           0x00000000        0x0 build/stm32l0xx_it.o
 .text          0x00000000        0x0 build/stm32l0xx_ll_gpio.o
 .data          0x00000000        0x0 build/stm32l0xx_ll_gpio.o
 .bss           0x00000000        0x0 build/stm32l0xx_ll_gpio.o
 .text.LL_GPIO_DeInit
                0x00000000       0x9c build/stm32l0xx_ll_gpio.o
 .text.LL_GPIO_StructInit
                0x00000000       0x18 build/stm32l0xx_ll_gpio.o
 .text          0x00000000        0x0 build/stm32l0xx_ll_adc.o
 .data          0x00000000        0x0 build/stm32l0xx_ll_adc.o
 .bss           0x00000000        0x0 build/stm32l0xx_ll_adc.o
 .text.LL_ADC_CommonDeInit
                0x00000000       0x20 build/stm32l0xx_ll_adc.o
 .text.LL_ADC_CommonInit
                0x00000000       0x24 build/stm32l0xx_ll_adc.o
 .text.LL_ADC_CommonStructInit
                0x00000000        0x8 build/stm32l0xx_ll_adc.o
 .text.LL_ADC_DeInit
                0x00000000       0xf0 build/stm32l0xx_ll_adc.o
 .text.LL_ADC_StructInit
                0x00000000       0x10 build/stm32l0xx_ll_adc.o
 .text.LL_ADC_REG_StructInit
                0x00000000       0x12 build/stm32l0xx_ll_adc.o
 .text          0x00000000        0x0 build/stm32l0xx_ll_dma.o
 .data          0x00000000        0x0 build/stm32l0xx_ll_dma.o
 .bss           0x00000000        0x0 build/stm32l0xx_ll_dma.o
 .text.LL_DMA_DeInit
                0x00000000      0x130 build/stm32l0xx_ll_dma.o
 .text.LL_DMA_Init
                0x00000000       0x64 build/stm32l0xx_ll_dma.o
 .text.LL_DMA_StructInit
                0x00000000       0x1a build/stm32l0xx_ll_dma.o
 .rodata.CHANNEL_OFFSET_TAB
                0x00000000        0x7 build/stm32l0xx_ll_dma.o
 .debug_info    0x00000000      0x9a8 build/stm32l0xx_ll_dma.o
 .debug_abbrev  0x00000000      0x26a build/stm32l0xx_ll_dma.o
 .debug_loc     0x00000000      0x5e0 build/stm32l0xx_ll_dma.o
 .debug_aranges
                0x00000000       0x30 build/stm32l0xx_ll_dma.o
 .debug_ranges  0x00000000       0xe0 build/stm32l0xx_ll_dma.o
 .debug_line    0x00000000      0x506 build/stm32l0xx_ll_dma.o
 .debug_str     0x00000000      0x536 build/stm32l0xx_ll_dma.o
 .comment       0x00000000       0x4a build/stm32l0xx_ll_dma.o
 .debug_frame   0x00000000       0x58 build/stm32l0xx_ll_dma.o
 .ARM.attributes
                0x00000000       0x2c build/stm32l0xx_ll_dma.o
 .text          0x00000000        0x0 build/stm32l0xx_ll_rcc.o
 .data          0x00000000        0x0 build/stm32l0xx_ll_rcc.o
 .bss           0x00000000        0x0 build/stm32l0xx_ll_rcc.o
 .text.RCC_GetHCLKClockFreq
                0x00000000       0x1c build/stm32l0xx_ll_rcc.o
 .text.RCC_GetPCLK1ClockFreq
                0x00000000       0x1c build/stm32l0xx_ll_rcc.o
 .text.RCC_GetPCLK2ClockFreq
                0x00000000       0x1c build/stm32l0xx_ll_rcc.o
 .text.RCC_PLL_GetFreqDomain_SYS
                0x00000000       0x50 build/stm32l0xx_ll_rcc.o
 .text.RCC_GetSystemClockFreq
                0x00000000       0x70 build/stm32l0xx_ll_rcc.o
 .text.LL_RCC_DeInit
                0x00000000       0xbc build/stm32l0xx_ll_rcc.o
 .text.LL_RCC_GetSystemClocksFreq
                0x00000000       0x20 build/stm32l0xx_ll_rcc.o
 .text.LL_RCC_GetUSARTClockFreq
                0x00000000       0xf0 build/stm32l0xx_ll_rcc.o
 .text.LL_RCC_GetI2CClockFreq
                0x00000000       0x6c build/stm32l0xx_ll_rcc.o
 .text.LL_RCC_GetLPUARTClockFreq
                0x00000000       0x74 build/stm32l0xx_ll_rcc.o
 .text.LL_RCC_GetLPTIMClockFreq
                0x00000000       0x90 build/stm32l0xx_ll_rcc.o
 .debug_info    0x00000000      0xc37 build/stm32l0xx_ll_rcc.o
 .debug_abbrev  0x00000000      0x2c0 build/stm32l0xx_ll_rcc.o
 .debug_loc     0x00000000      0x61d build/stm32l0xx_ll_rcc.o
 .debug_aranges
                0x00000000       0x70 build/stm32l0xx_ll_rcc.o
 .debug_ranges  0x00000000       0x60 build/stm32l0xx_ll_rcc.o
 .debug_line    0x00000000      0x87a build/stm32l0xx_ll_rcc.o
 .debug_str     0x00000000      0x6d3 build/stm32l0xx_ll_rcc.o
 .comment       0x00000000       0x4a build/stm32l0xx_ll_rcc.o
 .debug_frame   0x00000000       0xfc build/stm32l0xx_ll_rcc.o
 .ARM.attributes
                0x00000000       0x2c build/stm32l0xx_ll_rcc.o
 .text          0x00000000        0x0 build/stm32l0xx_ll_utils.o
 .data          0x00000000        0x0 build/stm32l0xx_ll_utils.o
 .bss           0x00000000        0x0 build/stm32l0xx_ll_utils.o
 .text.UTILS_GetPLLOutputFrequency
                0x00000000       0x1c build/stm32l0xx_ll_utils.o
 .text.UTILS_PLL_IsBusy
                0x00000000       0x14 build/stm32l0xx_ll_utils.o
 .text.LL_mDelay
                0x00000000       0x28 build/stm32l0xx_ll_utils.o
 .text.LL_SetFlashLatency
                0x00000000       0x9c build/stm32l0xx_ll_utils.o
 .text.UTILS_EnablePLLAndSwitchSystem
                0x00000000       0xb0 build/stm32l0xx_ll_utils.o
 .text.LL_PLL_ConfigSystemClock_HSI
                0x00000000       0x5c build/stm32l0xx_ll_utils.o
 .text.LL_PLL_ConfigSystemClock_HSE
                0x00000000       0x84 build/stm32l0xx_ll_utils.o
 .text          0x00000000        0x0 build/stm32l0xx_ll_exti.o
 .data          0x00000000        0x0 build/stm32l0xx_ll_exti.o
 .bss           0x00000000        0x0 build/stm32l0xx_ll_exti.o
 .text.LL_EXTI_DeInit
                0x00000000       0x24 build/stm32l0xx_ll_exti.o
 .text.LL_EXTI_StructInit
                0x00000000        0xe build/stm32l0xx_ll_exti.o
 .text          0x00000000        0x0 build/stm32l0xx_ll_crc.o
 .data          0x00000000        0x0 build/stm32l0xx_ll_crc.o
 .bss           0x00000000        0x0 build/stm32l0xx_ll_crc.o
 .text.LL_CRC_DeInit
                0x00000000       0x30 build/stm32l0xx_ll_crc.o
 .debug_info    0x00000000      0x39f build/stm32l0xx_ll_crc.o
 .debug_abbrev  0x00000000      0x192 build/stm32l0xx_ll_crc.o
 .debug_loc     0x00000000       0x8b build/stm32l0xx_ll_crc.o
 .debug_aranges
                0x00000000       0x20 build/stm32l0xx_ll_crc.o
 .debug_ranges  0x00000000       0x28 build/stm32l0xx_ll_crc.o
 .debug_line    0x00000000      0x1eb build/stm32l0xx_ll_crc.o
 .debug_str     0x00000000      0x2e4 build/stm32l0xx_ll_crc.o
 .comment       0x00000000       0x4a build/stm32l0xx_ll_crc.o
 .debug_frame   0x00000000       0x20 build/stm32l0xx_ll_crc.o
 .ARM.attributes
                0x00000000       0x2c build/stm32l0xx_ll_crc.o
 .text          0x00000000        0x0 build/stm32l0xx_ll_lptim.o
 .data          0x00000000        0x0 build/stm32l0xx_ll_lptim.o
 .bss           0x00000000        0x0 build/stm32l0xx_ll_lptim.o
 .text.LL_LPTIM_DeInit
                0x00000000       0x2c build/stm32l0xx_ll_lptim.o
 .text.LL_LPTIM_StructInit
                0x00000000        0xc build/stm32l0xx_ll_lptim.o
 .text.LL_LPTIM_Init
                0x00000000       0x2c build/stm32l0xx_ll_lptim.o
 .text.LL_LPTIM_Disable
                0x00000000       0xf0 build/stm32l0xx_ll_lptim.o
 .debug_info    0x00000000      0x885 build/stm32l0xx_ll_lptim.o
 .debug_abbrev  0x00000000      0x285 build/stm32l0xx_ll_lptim.o
 .debug_loc     0x00000000      0x414 build/stm32l0xx_ll_lptim.o
 .debug_aranges
                0x00000000       0x38 build/stm32l0xx_ll_lptim.o
 .debug_ranges  0x00000000       0x40 build/stm32l0xx_ll_lptim.o
 .debug_line    0x00000000      0x4cd build/stm32l0xx_ll_lptim.o
 .debug_str     0x00000000      0x4b8 build/stm32l0xx_ll_lptim.o
 .comment       0x00000000       0x4a build/stm32l0xx_ll_lptim.o
 .debug_frame   0x00000000       0x74 build/stm32l0xx_ll_lptim.o
 .ARM.attributes
                0x00000000       0x2c build/stm32l0xx_ll_lptim.o
 .text          0x00000000        0x0 build/stm32l0xx_ll_rtc.o
 .data          0x00000000        0x0 build/stm32l0xx_ll_rtc.o
 .bss           0x00000000        0x0 build/stm32l0xx_ll_rtc.o
 .text.LL_RTC_StructInit
                0x00000000        0xe build/stm32l0xx_ll_rtc.o
 .text.LL_RTC_TIME_StructInit
                0x00000000        0xc build/stm32l0xx_ll_rtc.o
 .text.LL_RTC_DATE_StructInit
                0x00000000        0xe build/stm32l0xx_ll_rtc.o
 .text.LL_RTC_ALMA_Init
                0x00000000      0x154 build/stm32l0xx_ll_rtc.o
 .text.LL_RTC_ALMB_Init
                0x00000000      0x154 build/stm32l0xx_ll_rtc.o
 .text.LL_RTC_ALMA_StructInit
                0x00000000       0x14 build/stm32l0xx_ll_rtc.o
 .text.LL_RTC_ALMB_StructInit
                0x00000000       0x14 build/stm32l0xx_ll_rtc.o
 .text.LL_RTC_ExitInitMode
                0x00000000        0xa build/stm32l0xx_ll_rtc.o
 .text.LL_RTC_WaitForSynchro
                0x00000000       0x64 build/stm32l0xx_ll_rtc.o
 .text.LL_RTC_DeInit
                0x00000000       0x58 build/stm32l0xx_ll_rtc.o
 .text.LL_RTC_TIME_Init
                0x00000000       0xf0 build/stm32l0xx_ll_rtc.o
 .text.LL_RTC_DATE_Init
                0x00000000       0xec build/stm32l0xx_ll_rtc.o
 .text          0x00000000        0x0 build/stm32l0xx_ll_spi.o
 .data          0x00000000        0x0 build/stm32l0xx_ll_spi.o
 .bss           0x00000000        0x0 build/stm32l0xx_ll_spi.o
 .text.LL_SPI_DeInit
                0x00000000       0x58 build/stm32l0xx_ll_spi.o
 .text.LL_SPI_StructInit
                0x00000000       0x1a build/stm32l0xx_ll_spi.o
 .text.LL_I2S_DeInit
                0x00000000        0x8 build/stm32l0xx_ll_spi.o
 .text.LL_I2S_Init
                0x00000000       0xb8 build/stm32l0xx_ll_spi.o
 .text.LL_I2S_StructInit
                0x00000000       0x12 build/stm32l0xx_ll_spi.o
 .text.LL_I2S_ConfigPrescaler
                0x00000000       0x10 build/stm32l0xx_ll_spi.o
 .text          0x00000000        0x0 build/stm32l0xx_ll_pwr.o
 .data          0x00000000        0x0 build/stm32l0xx_ll_pwr.o
 .bss           0x00000000        0x0 build/stm32l0xx_ll_pwr.o
 .text.LL_PWR_DeInit
                0x00000000       0x20 build/stm32l0xx_ll_pwr.o
 .debug_info    0x00000000      0x2ba build/stm32l0xx_ll_pwr.o
 .debug_abbrev  0x00000000      0x129 build/stm32l0xx_ll_pwr.o
 .debug_loc     0x00000000       0x30 build/stm32l0xx_ll_pwr.o
 .debug_aranges
                0x00000000       0x20 build/stm32l0xx_ll_pwr.o
 .debug_ranges  0x00000000       0x10 build/stm32l0xx_ll_pwr.o
 .debug_line    0x00000000      0x1cc build/stm32l0xx_ll_pwr.o
 .debug_str     0x00000000      0x283 build/stm32l0xx_ll_pwr.o
 .comment       0x00000000       0x4a build/stm32l0xx_ll_pwr.o
 .debug_frame   0x00000000       0x20 build/stm32l0xx_ll_pwr.o
 .ARM.attributes
                0x00000000       0x2c build/stm32l0xx_ll_pwr.o
 .text          0x00000000        0x0 build/system_stm32l0xx.o
 .data          0x00000000        0x0 build/system_stm32l0xx.o
 .bss           0x00000000        0x0 build/system_stm32l0xx.o
 .text.SystemCoreClockUpdate
                0x00000000       0xf0 build/system_stm32l0xx.o
 .rodata.AHBPrescTable
                0x00000000       0x10 build/system_stm32l0xx.o
 .rodata.APBPrescTable
                0x00000000        0x8 build/system_stm32l0xx.o
 .rodata.PLLMulTable
                0x00000000        0x9 build/system_stm32l0xx.o
 .text          0x00000000        0x0 build/SHTC3.o
 .data          0x00000000        0x0 build/SHTC3.o
 .bss           0x00000000        0x0 build/SHTC3.o
 .debug_line    0x00000000        0x0 build/SHTC3.o
 .debug_str     0x00000000       0xcf build/SHTC3.o
 .comment       0x00000000       0x4a build/SHTC3.o
 .ARM.attributes
                0x00000000       0x2c build/SHTC3.o
 .text          0x00000000        0x0 build/epd_driver.o
 .data          0x00000000        0x0 build/epd_driver.o
 .bss           0x00000000        0x0 build/epd_driver.o
 .text.SPI_Transmit
                0x00000000        0xc build/epd_driver.o
 .text.EPD_Delay_ms
                0x00000000        0x8 build/epd_driver.o
 .text.EPD_SetPower
                0x00000000       0x1c build/epd_driver.o
 .text.EPD_Reset
                0x00000000       0x22 build/epd_driver.o
 .text.EPD_WaitForBusy
                0x00000000       0x20 build/epd_driver.o
 .text.EPD_SendData
                0x00000000       0x16 build/epd_driver.o
 .text.EPD_SendCommand
                0x00000000       0x16 build/epd_driver.o
 .debug_info    0x00000000      0x465 build/epd_driver.o
 .debug_abbrev  0x00000000      0x1df build/epd_driver.o
 .debug_loc     0x00000000      0x13e build/epd_driver.o
 .debug_aranges
                0x00000000       0x50 build/epd_driver.o
 .debug_ranges  0x00000000       0x40 build/epd_driver.o
 .debug_line    0x00000000      0x2ab build/epd_driver.o
 .debug_str     0x00000000      0x298 build/epd_driver.o
 .comment       0x00000000       0x4a build/epd_driver.o
 .debug_frame   0x00000000       0xb4 build/epd_driver.o
 .ARM.attributes
                0x00000000       0x2c build/epd_driver.o
 .text          0x00000000        0x0 build/epd_api.o
 .data          0x00000000        0x0 build/epd_api.o
 .bss           0x00000000        0x0 build/epd_api.o
 .text.EPD_TurnOnDisplay
                0x00000000       0x1a build/epd_api.o
 .text.EPD_SetWindow
                0x00000000       0x40 build/epd_api.o
 .text.EPD_SetCursor
                0x00000000       0x26 build/epd_api.o
 .text.EPD_Init
                0x00000000       0x82 build/epd_api.o
 .text.EPD_Clear
                0x00000000       0x50 build/epd_api.o
 .text.EPD_UpdateBlack
                0x00000000       0x2e build/epd_api.o
 .text.EPD_UpdateRed
                0x00000000       0x2e build/epd_api.o
 .text.EPD_UpdateAll
                0x00000000       0x5c build/epd_api.o
 .text.EPD_Sleep
                0x00000000       0x16 build/epd_api.o
 .debug_info    0x00000000      0x83e build/epd_api.o
 .debug_abbrev  0x00000000       0xfe build/epd_api.o
 .debug_loc     0x00000000      0x4cc build/epd_api.o
 .debug_aranges
                0x00000000       0x60 build/epd_api.o
 .debug_ranges  0x00000000       0xb0 build/epd_api.o
 .debug_line    0x00000000      0x4e0 build/epd_api.o
 .debug_str     0x00000000      0x26d build/epd_api.o
 .comment       0x00000000       0x4a build/epd_api.o
 .debug_frame   0x00000000      0x108 build/epd_api.o
 .ARM.attributes
                0x00000000       0x2c build/epd_api.o
 .text          0x00000000       0x14 build/startup_stm32l051k8ux.o
 .data          0x00000000        0x0 build/startup_stm32l051k8ux.o
 .bss           0x00000000        0x0 build/startup_stm32l051k8ux.o
 .text          0x00000000        0x0 c:/developtools/gcc-arm-none-eabi-10.3-2021.10/bin/../lib/gcc/arm-none-eabi/10.3.1/../../../../arm-none-eabi/lib/thumb/v6-m/nofp\libc_nano.a(lib_a-exit.o)
 .data          0x00000000        0x0 c:/developtools/gcc-arm-none-eabi-10.3-2021.10/bin/../lib/gcc/arm-none-eabi/10.3.1/../../../../arm-none-eabi/lib/thumb/v6-m/nofp\libc_nano.a(lib_a-exit.o)
 .bss           0x00000000        0x0 c:/developtools/gcc-arm-none-eabi-10.3-2021.10/bin/../lib/gcc/arm-none-eabi/10.3.1/../../../../arm-none-eabi/lib/thumb/v6-m/nofp\libc_nano.a(lib_a-exit.o)
 .text.exit     0x00000000       0x2c c:/developtools/gcc-arm-none-eabi-10.3-2021.10/bin/../lib/gcc/arm-none-eabi/10.3.1/../../../../arm-none-eabi/lib/thumb/v6-m/nofp\libc_nano.a(lib_a-exit.o)
 .debug_frame   0x00000000       0x28 c:/developtools/gcc-arm-none-eabi-10.3-2021.10/bin/../lib/gcc/arm-none-eabi/10.3.1/../../../../arm-none-eabi/lib/thumb/v6-m/nofp\libc_nano.a(lib_a-exit.o)
 .ARM.attributes
                0x00000000       0x2c c:/developtools/gcc-arm-none-eabi-10.3-2021.10/bin/../lib/gcc/arm-none-eabi/10.3.1/../../../../arm-none-eabi/lib/thumb/v6-m/nofp\libc_nano.a(lib_a-exit.o)
 .text          0x00000000        0x0 c:/developtools/gcc-arm-none-eabi-10.3-2021.10/bin/../lib/gcc/arm-none-eabi/10.3.1/../../../../arm-none-eabi/lib/thumb/v6-m/nofp\libc_nano.a(lib_a-impure.o)
 .data          0x00000000        0x0 c:/developtools/gcc-arm-none-eabi-10.3-2021.10/bin/../lib/gcc/arm-none-eabi/10.3.1/../../../../arm-none-eabi/lib/thumb/v6-m/nofp\libc_nano.a(lib_a-impure.o)
 .bss           0x00000000        0x0 c:/developtools/gcc-arm-none-eabi-10.3-2021.10/bin/../lib/gcc/arm-none-eabi/10.3.1/../../../../arm-none-eabi/lib/thumb/v6-m/nofp\libc_nano.a(lib_a-impure.o)
 .data._impure_ptr
                0x00000000        0x4 c:/developtools/gcc-arm-none-eabi-10.3-2021.10/bin/../lib/gcc/arm-none-eabi/10.3.1/../../../../arm-none-eabi/lib/thumb/v6-m/nofp\libc_nano.a(lib_a-impure.o)
 .data.impure_data
                0x00000000       0x60 c:/developtools/gcc-arm-none-eabi-10.3-2021.10/bin/../lib/gcc/arm-none-eabi/10.3.1/../../../../arm-none-eabi/lib/thumb/v6-m/nofp\libc_nano.a(lib_a-impure.o)
 .rodata._global_impure_ptr
                0x00000000        0x4 c:/developtools/gcc-arm-none-eabi-10.3-2021.10/bin/../lib/gcc/arm-none-eabi/10.3.1/../../../../arm-none-eabi/lib/thumb/v6-m/nofp\libc_nano.a(lib_a-impure.o)
 .ARM.attributes
                0x00000000       0x2c c:/developtools/gcc-arm-none-eabi-10.3-2021.10/bin/../lib/gcc/arm-none-eabi/10.3.1/../../../../arm-none-eabi/lib/thumb/v6-m/nofp\libc_nano.a(lib_a-impure.o)
 .text          0x00000000        0x0 c:/developtools/gcc-arm-none-eabi-10.3-2021.10/bin/../lib/gcc/arm-none-eabi/10.3.1/../../../../arm-none-eabi/lib/thumb/v6-m/nofp\libc_nano.a(lib_a-init.o)
 .data          0x00000000        0x0 c:/developtools/gcc-arm-none-eabi-10.3-2021.10/bin/../lib/gcc/arm-none-eabi/10.3.1/../../../../arm-none-eabi/lib/thumb/v6-m/nofp\libc_nano.a(lib_a-init.o)
 .bss           0x00000000        0x0 c:/developtools/gcc-arm-none-eabi-10.3-2021.10/bin/../lib/gcc/arm-none-eabi/10.3.1/../../../../arm-none-eabi/lib/thumb/v6-m/nofp\libc_nano.a(lib_a-init.o)
 .text          0x00000000        0x0 c:/developtools/gcc-arm-none-eabi-10.3-2021.10/bin/../lib/gcc/arm-none-eabi/10.3.1/../../../../arm-none-eabi/lib/thumb/v6-m/nofp\libc_nano.a(lib_a-memset.o)
 .data          0x00000000        0x0 c:/developtools/gcc-arm-none-eabi-10.3-2021.10/bin/../lib/gcc/arm-none-eabi/10.3.1/../../../../arm-none-eabi/lib/thumb/v6-m/nofp\libc_nano.a(lib_a-memset.o)
 .bss           0x00000000        0x0 c:/developtools/gcc-arm-none-eabi-10.3-2021.10/bin/../lib/gcc/arm-none-eabi/10.3.1/../../../../arm-none-eabi/lib/thumb/v6-m/nofp\libc_nano.a(lib_a-memset.o)
 .text          0x00000000        0x0 c:/developtools/gcc-arm-none-eabi-10.3-2021.10/bin/../lib/gcc/arm-none-eabi/10.3.1/../../../../arm-none-eabi/lib/thumb/v6-m/nofp\libnosys.a(_exit.o)
 .data          0x00000000        0x0 c:/developtools/gcc-arm-none-eabi-10.3-2021.10/bin/../lib/gcc/arm-none-eabi/10.3.1/../../../../arm-none-eabi/lib/thumb/v6-m/nofp\libnosys.a(_exit.o)
 .bss           0x00000000        0x0 c:/developtools/gcc-arm-none-eabi-10.3-2021.10/bin/../lib/gcc/arm-none-eabi/10.3.1/../../../../arm-none-eabi/lib/thumb/v6-m/nofp\libnosys.a(_exit.o)
 .text._exit    0x00000000        0x4 c:/developtools/gcc-arm-none-eabi-10.3-2021.10/bin/../lib/gcc/arm-none-eabi/10.3.1/../../../../arm-none-eabi/lib/thumb/v6-m/nofp\libnosys.a(_exit.o)
 .debug_frame   0x00000000       0x20 c:/developtools/gcc-arm-none-eabi-10.3-2021.10/bin/../lib/gcc/arm-none-eabi/10.3.1/../../../../arm-none-eabi/lib/thumb/v6-m/nofp\libnosys.a(_exit.o)
 .ARM.attributes
                0x00000000       0x2c c:/developtools/gcc-arm-none-eabi-10.3-2021.10/bin/../lib/gcc/arm-none-eabi/10.3.1/../../../../arm-none-eabi/lib/thumb/v6-m/nofp\libnosys.a(_exit.o)
 .data          0x00000000        0x0 c:/developtools/gcc-arm-none-eabi-10.3-2021.10/bin/../lib/gcc/arm-none-eabi/10.3.1/thumb/v6-m/nofp\libgcc.a(_udivsi3.o)
 .bss           0x00000000        0x0 c:/developtools/gcc-arm-none-eabi-10.3-2021.10/bin/../lib/gcc/arm-none-eabi/10.3.1/thumb/v6-m/nofp\libgcc.a(_udivsi3.o)
 .data          0x00000000        0x0 c:/developtools/gcc-arm-none-eabi-10.3-2021.10/bin/../lib/gcc/arm-none-eabi/10.3.1/thumb/v6-m/nofp\libgcc.a(_dvmd_tls.o)
 .bss           0x00000000        0x0 c:/developtools/gcc-arm-none-eabi-10.3-2021.10/bin/../lib/gcc/arm-none-eabi/10.3.1/thumb/v6-m/nofp\libgcc.a(_dvmd_tls.o)
 .text          0x00000000        0x0 c:/developtools/gcc-arm-none-eabi-10.3-2021.10/bin/../lib/gcc/arm-none-eabi/10.3.1/thumb/v6-m/nofp/crtend.o
 .data          0x00000000        0x0 c:/developtools/gcc-arm-none-eabi-10.3-2021.10/bin/../lib/gcc/arm-none-eabi/10.3.1/thumb/v6-m/nofp/crtend.o
 .bss           0x00000000        0x0 c:/developtools/gcc-arm-none-eabi-10.3-2021.10/bin/../lib/gcc/arm-none-eabi/10.3.1/thumb/v6-m/nofp/crtend.o
 .rodata        0x00000000       0x24 c:/developtools/gcc-arm-none-eabi-10.3-2021.10/bin/../lib/gcc/arm-none-eabi/10.3.1/thumb/v6-m/nofp/crtend.o
 .eh_frame      0x00000000        0x4 c:/developtools/gcc-arm-none-eabi-10.3-2021.10/bin/../lib/gcc/arm-none-eabi/10.3.1/thumb/v6-m/nofp/crtend.o
 .ARM.attributes
                0x00000000       0x2c c:/developtools/gcc-arm-none-eabi-10.3-2021.10/bin/../lib/gcc/arm-none-eabi/10.3.1/thumb/v6-m/nofp/crtend.o
 .text          0x00000000        0x0 c:/developtools/gcc-arm-none-eabi-10.3-2021.10/bin/../lib/gcc/arm-none-eabi/10.3.1/thumb/v6-m/nofp/crtn.o
 .data          0x00000000        0x0 c:/developtools/gcc-arm-none-eabi-10.3-2021.10/bin/../lib/gcc/arm-none-eabi/10.3.1/thumb/v6-m/nofp/crtn.o
 .bss           0x00000000        0x0 c:/developtools/gcc-arm-none-eabi-10.3-2021.10/bin/../lib/gcc/arm-none-eabi/10.3.1/thumb/v6-m/nofp/crtn.o

Memory Configuration

Name             Origin             Length             Attributes
RAM              0x20000000         0x00002000         xrw
FLASH            0x08000000         0x00010000         xr
*default*        0x00000000         0xffffffff

Linker script and memory map

LOAD c:/developtools/gcc-arm-none-eabi-10.3-2021.10/bin/../lib/gcc/arm-none-eabi/10.3.1/thumb/v6-m/nofp/crti.o
LOAD c:/developtools/gcc-arm-none-eabi-10.3-2021.10/bin/../lib/gcc/arm-none-eabi/10.3.1/thumb/v6-m/nofp/crtbegin.o
LOAD c:/developtools/gcc-arm-none-eabi-10.3-2021.10/bin/../lib/gcc/arm-none-eabi/10.3.1/../../../../arm-none-eabi/lib/thumb/v6-m/nofp/crt0.o
LOAD build/main.o
LOAD build/stm32l0xx_it.o
LOAD build/stm32l0xx_ll_gpio.o
LOAD build/stm32l0xx_ll_adc.o
LOAD build/stm32l0xx_ll_dma.o
LOAD build/stm32l0xx_ll_rcc.o
LOAD build/stm32l0xx_ll_utils.o
LOAD build/stm32l0xx_ll_exti.o
LOAD build/stm32l0xx_ll_crc.o
LOAD build/stm32l0xx_ll_lptim.o
LOAD build/stm32l0xx_ll_rtc.o
LOAD build/stm32l0xx_ll_spi.o
LOAD build/stm32l0xx_ll_pwr.o
LOAD build/system_stm32l0xx.o
LOAD build/SHTC3.o
LOAD build/epd_driver.o
LOAD build/epd_api.o
LOAD build/startup_stm32l051k8ux.o
LOAD c:/developtools/gcc-arm-none-eabi-10.3-2021.10/bin/../lib/gcc/arm-none-eabi/10.3.1/../../../../arm-none-eabi/lib/thumb/v6-m/nofp\libc_nano.a
LOAD c:/developtools/gcc-arm-none-eabi-10.3-2021.10/bin/../lib/gcc/arm-none-eabi/10.3.1/../../../../arm-none-eabi/lib/thumb/v6-m/nofp\libm.a
LOAD c:/developtools/gcc-arm-none-eabi-10.3-2021.10/bin/../lib/gcc/arm-none-eabi/10.3.1/../../../../arm-none-eabi/lib/thumb/v6-m/nofp\libnosys.a
START GROUP
LOAD c:/developtools/gcc-arm-none-eabi-10.3-2021.10/bin/../lib/gcc/arm-none-eabi/10.3.1/thumb/v6-m/nofp\libgcc.a
LOAD c:/developtools/gcc-arm-none-eabi-10.3-2021.10/bin/../lib/gcc/arm-none-eabi/10.3.1/../../../../arm-none-eabi/lib/thumb/v6-m/nofp\libc_nano.a
END GROUP
START GROUP
LOAD c:/developtools/gcc-arm-none-eabi-10.3-2021.10/bin/../lib/gcc/arm-none-eabi/10.3.1/thumb/v6-m/nofp\libgcc.a
LOAD c:/developtools/gcc-arm-none-eabi-10.3-2021.10/bin/../lib/gcc/arm-none-eabi/10.3.1/../../../../arm-none-eabi/lib/thumb/v6-m/nofp\libc_nano.a
END GROUP
LOAD c:/developtools/gcc-arm-none-eabi-10.3-2021.10/bin/../lib/gcc/arm-none-eabi/10.3.1/thumb/v6-m/nofp/crtend.o
LOAD c:/developtools/gcc-arm-none-eabi-10.3-2021.10/bin/../lib/gcc/arm-none-eabi/10.3.1/thumb/v6-m/nofp/crtn.o
                0x20002000                _estack = (ORIGIN (RAM) + LENGTH (RAM))
                0x00000200                _Min_Heap_Size = 0x200
                0x00000400                _Min_Stack_Size = 0x400

.isr_vector     0x08000000       0xc0
                0x08000000                . = ALIGN (0x4)
 *(.isr_vector)
 .isr_vector    0x08000000       0xc0 build/startup_stm32l051k8ux.o
                0x08000000                g_pfnVectors
                0x080000c0                . = ALIGN (0x4)

.text           0x080000c0      0xba0
                0x080000c0                . = ALIGN (0x4)
 *(.text)
 .text          0x080000c0       0x48 c:/developtools/gcc-arm-none-eabi-10.3-2021.10/bin/../lib/gcc/arm-none-eabi/10.3.1/thumb/v6-m/nofp/crtbegin.o
 .text          0x08000108      0x114 c:/developtools/gcc-arm-none-eabi-10.3-2021.10/bin/../lib/gcc/arm-none-eabi/10.3.1/thumb/v6-m/nofp\libgcc.a(_udivsi3.o)
                0x08000108                __aeabi_uidiv
                0x08000108                __udivsi3
                0x08000214                __aeabi_uidivmod
 .text          0x0800021c        0x4 c:/developtools/gcc-arm-none-eabi-10.3-2021.10/bin/../lib/gcc/arm-none-eabi/10.3.1/thumb/v6-m/nofp\libgcc.a(_dvmd_tls.o)
                0x0800021c                __aeabi_idiv0
                0x0800021c                __aeabi_ldiv0
 *(.text*)
 .text.MX_CRC_Init
                0x08000220       0x4c build/main.o
 .text.MX_LPTIM1_Init
                0x0800026c       0x88 build/main.o
 .text.MX_GPIO_Init
                0x080002f4      0x178 build/main.o
 .text.MX_ADC_Init
                0x0800046c      0x104 build/main.o
 .text.MX_RTC_Init
                0x08000570       0x60 build/main.o
 .text.MX_SPI1_Init
                0x080005d0       0xa8 build/main.o
 .text.SystemClock_Config
                0x08000678      0x184 build/main.o
                0x08000678                SystemClock_Config
 .text.main     0x080007fc       0x60 build/main.o
                0x080007fc                main
 .text.NMI_Handler
                0x0800085c        0x2 build/stm32l0xx_it.o
                0x0800085c                NMI_Handler
 .text.HardFault_Handler
                0x0800085e        0x2 build/stm32l0xx_it.o
                0x0800085e                HardFault_Handler
 .text.SVC_Handler
                0x08000860        0x2 build/stm32l0xx_it.o
                0x08000860                SVC_Handler
 .text.PendSV_Handler
                0x08000862        0x2 build/stm32l0xx_it.o
                0x08000862                PendSV_Handler
 .text.SysTick_Handler
                0x08000864        0x2 build/stm32l0xx_it.o
                0x08000864                SysTick_Handler
 .text.RTC_IRQHandler
                0x08000866        0x2 build/stm32l0xx_it.o
                0x08000866                RTC_IRQHandler
 .text.LPTIM1_IRQHandler
                0x08000868        0x2 build/stm32l0xx_it.o
                0x08000868                LPTIM1_IRQHandler
 .text.LL_GPIO_Init
                0x0800086a       0xb0 build/stm32l0xx_ll_gpio.o
                0x0800086a                LL_GPIO_Init
 *fill*         0x0800091a        0x2 
 .text.LL_ADC_Init
                0x0800091c       0x34 build/stm32l0xx_ll_adc.o
                0x0800091c                LL_ADC_Init
 .text.LL_ADC_REG_Init
                0x08000950       0x30 build/stm32l0xx_ll_adc.o
                0x08000950                LL_ADC_REG_Init
 .text.LL_Init1msTick
                0x08000980       0x20 build/stm32l0xx_ll_utils.o
                0x08000980                LL_Init1msTick
 .text.LL_SetSystemCoreClock
                0x080009a0        0xc build/stm32l0xx_ll_utils.o
                0x080009a0                LL_SetSystemCoreClock
 .text.LL_EXTI_Init
                0x080009ac       0xc8 build/stm32l0xx_ll_exti.o
                0x080009ac                LL_EXTI_Init
 .text.LL_RTC_EnterInitMode
                0x08000a74       0x64 build/stm32l0xx_ll_rtc.o
                0x08000a74                LL_RTC_EnterInitMode
 .text.LL_RTC_Init
                0x08000ad8       0x50 build/stm32l0xx_ll_rtc.o
                0x08000ad8                LL_RTC_Init
 .text.LL_SPI_Init
                0x08000b28       0x70 build/stm32l0xx_ll_spi.o
                0x08000b28                LL_SPI_Init
 .text.SystemInit
                0x08000b98        0x2 build/system_stm32l0xx.o
                0x08000b98                SystemInit
 *fill*         0x08000b9a        0x2 
 .text.Reset_Handler
                0x08000b9c       0x50 build/startup_stm32l051k8ux.o
                0x08000b9c                Reset_Handler
 .text.Default_Handler
                0x08000bec        0x2 build/startup_stm32l051k8ux.o
                0x08000bec                ADC1_COMP_IRQHandler
                0x08000bec                TIM6_IRQHandler
                0x08000bec                PVD_IRQHandler
                0x08000bec                I2C1_IRQHandler
                0x08000bec                SPI1_IRQHandler
                0x08000bec                EXTI2_3_IRQHandler
                0x08000bec                I2C2_IRQHandler
                0x08000bec                DMA1_Channel4_5_6_7_IRQHandler
                0x08000bec                EXTI4_15_IRQHandler
                0x08000bec                RCC_IRQHandler
                0x08000bec                DMA1_Channel1_IRQHandler
                0x08000bec                Default_Handler
                0x08000bec                TIM22_IRQHandler
                0x08000bec                EXTI0_1_IRQHandler
                0x08000bec                SPI2_IRQHandler
                0x08000bec                TIM21_IRQHandler
                0x08000bec                WWDG_IRQHandler
                0x08000bec                LPUART1_IRQHandler
                0x08000bec                TIM2_IRQHandler
                0x08000bec                DMA1_Channel2_3_IRQHandler
                0x08000bec                USART2_IRQHandler
                0x08000bec                FLASH_IRQHandler
                0x08000bec                USART1_IRQHandler
 *fill*         0x08000bee        0x2 
 .text.__libc_init_array
                0x08000bf0       0x48 c:/developtools/gcc-arm-none-eabi-10.3-2021.10/bin/../lib/gcc/arm-none-eabi/10.3.1/../../../../arm-none-eabi/lib/thumb/v6-m/nofp\libc_nano.a(lib_a-init.o)
                0x08000bf0                __libc_init_array
 .text.memset   0x08000c38       0x10 c:/developtools/gcc-arm-none-eabi-10.3-2021.10/bin/../lib/gcc/arm-none-eabi/10.3.1/../../../../arm-none-eabi/lib/thumb/v6-m/nofp\libc_nano.a(lib_a-memset.o)
                0x08000c38                memset
 *(.glue_7)
 .glue_7        0x08000c48        0x0 linker stubs
 *(.glue_7t)
 .glue_7t       0x08000c48        0x0 linker stubs
 *(.eh_frame)
 .eh_frame      0x08000c48        0x0 c:/developtools/gcc-arm-none-eabi-10.3-2021.10/bin/../lib/gcc/arm-none-eabi/10.3.1/thumb/v6-m/nofp/crtbegin.o
 *(.init)
 .init          0x08000c48        0x4 c:/developtools/gcc-arm-none-eabi-10.3-2021.10/bin/../lib/gcc/arm-none-eabi/10.3.1/thumb/v6-m/nofp/crti.o
                0x08000c48                _init
 .init          0x08000c4c        0x8 c:/developtools/gcc-arm-none-eabi-10.3-2021.10/bin/../lib/gcc/arm-none-eabi/10.3.1/thumb/v6-m/nofp/crtn.o
 *(.fini)
 .fini          0x08000c54        0x4 c:/developtools/gcc-arm-none-eabi-10.3-2021.10/bin/../lib/gcc/arm-none-eabi/10.3.1/thumb/v6-m/nofp/crti.o
                0x08000c54                _fini
 .fini          0x08000c58        0x8 c:/developtools/gcc-arm-none-eabi-10.3-2021.10/bin/../lib/gcc/arm-none-eabi/10.3.1/thumb/v6-m/nofp/crtn.o
                0x08000c60                . = ALIGN (0x4)
                0x08000c60                _etext = .

.vfp11_veneer   0x08000c60        0x0
 .vfp11_veneer  0x08000c60        0x0 linker stubs

.v4_bx          0x08000c60        0x0
 .v4_bx         0x08000c60        0x0 linker stubs

.iplt           0x08000c60        0x0
 .iplt          0x08000c60        0x0 c:/developtools/gcc-arm-none-eabi-10.3-2021.10/bin/../lib/gcc/arm-none-eabi/10.3.1/thumb/v6-m/nofp/crtbegin.o

.rel.dyn        0x08000c60        0x0
 .rel.iplt      0x08000c60        0x0 c:/developtools/gcc-arm-none-eabi-10.3-2021.10/bin/../lib/gcc/arm-none-eabi/10.3.1/thumb/v6-m/nofp/crtbegin.o

.rodata         0x08000c60        0x0
                0x08000c60                . = ALIGN (0x4)
 *(.rodata)
 *(.rodata*)
                0x08000c60                . = ALIGN (0x4)

.ARM.extab      0x08000c60        0x0
                0x08000c60                . = ALIGN (0x4)
 *(.ARM.extab* .gnu.linkonce.armextab.*)
                0x08000c60                . = ALIGN (0x4)

.ARM            0x08000c60        0x0
                0x08000c60                . = ALIGN (0x4)
                0x08000c60                __exidx_start = .
 *(.ARM.exidx*)
                0x08000c60                __exidx_end = .
                0x08000c60                . = ALIGN (0x4)

.preinit_array  0x08000c60        0x0
                0x08000c60                . = ALIGN (0x4)
                0x08000c60                PROVIDE (__preinit_array_start = .)
 *(.preinit_array*)
                0x08000c60                PROVIDE (__preinit_array_end = .)
                0x08000c60                . = ALIGN (0x4)

.init_array     0x08000c60        0x4
                0x08000c60                . = ALIGN (0x4)
                0x08000c60                PROVIDE (__init_array_start = .)
 *(SORT_BY_NAME(.init_array.*))
 *(.init_array*)
 .init_array    0x08000c60        0x4 c:/developtools/gcc-arm-none-eabi-10.3-2021.10/bin/../lib/gcc/arm-none-eabi/10.3.1/thumb/v6-m/nofp/crtbegin.o
                0x08000c64                PROVIDE (__init_array_end = .)
                0x08000c64                . = ALIGN (0x4)

.fini_array     0x08000c64        0x4
                0x08000c64                . = ALIGN (0x4)
                [!provide]                PROVIDE (__fini_array_start = .)
 *(SORT_BY_NAME(.fini_array.*))
 *(.fini_array*)
 .fini_array    0x08000c64        0x4 c:/developtools/gcc-arm-none-eabi-10.3-2021.10/bin/../lib/gcc/arm-none-eabi/10.3.1/thumb/v6-m/nofp/crtbegin.o
                [!provide]                PROVIDE (__fini_array_end = .)
                0x08000c68                . = ALIGN (0x4)
                0x08000c68                _sidata = LOADADDR (.data)

.data           0x20000000        0x4 load address 0x08000c68
                0x20000000                . = ALIGN (0x4)
                0x20000000                _sdata = .
 *(.data)
 *(.data*)
 .data.SystemCoreClock
                0x20000000        0x4 build/system_stm32l0xx.o
                0x20000000                SystemCoreClock
 *(.RamFunc)
 *(.RamFunc*)
                0x20000004                . = ALIGN (0x4)
                0x20000004                _edata = .

.igot.plt       0x20000004        0x0 load address 0x08000c6c
 .igot.plt      0x20000004        0x0 c:/developtools/gcc-arm-none-eabi-10.3-2021.10/bin/../lib/gcc/arm-none-eabi/10.3.1/thumb/v6-m/nofp/crtbegin.o
                0x20000004                . = ALIGN (0x4)

.bss            0x20000004       0x1c load address 0x08000c6c
                0x20000004                _sbss = .
                0x20000004                __bss_start__ = _sbss
 *(.bss)
 .bss           0x20000004       0x1c c:/developtools/gcc-arm-none-eabi-10.3-2021.10/bin/../lib/gcc/arm-none-eabi/10.3.1/thumb/v6-m/nofp/crtbegin.o
 *(.bss*)
 *(COMMON)
                0x20000020                . = ALIGN (0x4)
                0x20000020                _ebss = .
                0x20000020                __bss_end__ = _ebss

._user_heap_stack
                0x20000020      0x600 load address 0x08000c6c
                0x20000020                . = ALIGN (0x8)
                [!provide]                PROVIDE (end = .)
                [!provide]                PROVIDE (_end = .)
                0x20000220                . = (. + _Min_Heap_Size)
 *fill*         0x20000020      0x200 
                0x20000620                . = (. + _Min_Stack_Size)
 *fill*         0x20000220      0x400 
                0x20000620                . = ALIGN (0x8)

/DISCARD/
 libc.a(*)
 libm.a(*)
 libgcc.a(*)

.ARM.attributes
                0x00000000       0x28
 *(.ARM.attributes)
 .ARM.attributes
                0x00000000       0x1e c:/developtools/gcc-arm-none-eabi-10.3-2021.10/bin/../lib/gcc/arm-none-eabi/10.3.1/thumb/v6-m/nofp/crti.o
 .ARM.attributes
                0x0000001e       0x2c c:/developtools/gcc-arm-none-eabi-10.3-2021.10/bin/../lib/gcc/arm-none-eabi/10.3.1/thumb/v6-m/nofp/crtbegin.o
 .ARM.attributes
                0x0000004a       0x2c build/main.o
 .ARM.attributes
                0x00000076       0x2c build/stm32l0xx_it.o
 .ARM.attributes
                0x000000a2       0x2c build/stm32l0xx_ll_gpio.o
 .ARM.attributes
                0x000000ce       0x2c build/stm32l0xx_ll_adc.o
 .ARM.attributes
                0x000000fa       0x2c build/stm32l0xx_ll_utils.o
 .ARM.attributes
                0x00000126       0x2c build/stm32l0xx_ll_exti.o
 .ARM.attributes
                0x00000152       0x2c build/stm32l0xx_ll_rtc.o
 .ARM.attributes
                0x0000017e       0x2c build/stm32l0xx_ll_spi.o
 .ARM.attributes
                0x000001aa       0x2c build/system_stm32l0xx.o
 .ARM.attributes
                0x000001d6       0x22 build/startup_stm32l051k8ux.o
 .ARM.attributes
                0x000001f8       0x2c c:/developtools/gcc-arm-none-eabi-10.3-2021.10/bin/../lib/gcc/arm-none-eabi/10.3.1/../../../../arm-none-eabi/lib/thumb/v6-m/nofp\libc_nano.a(lib_a-init.o)
 .ARM.attributes
                0x00000224       0x2c c:/developtools/gcc-arm-none-eabi-10.3-2021.10/bin/../lib/gcc/arm-none-eabi/10.3.1/../../../../arm-none-eabi/lib/thumb/v6-m/nofp\libc_nano.a(lib_a-memset.o)
 .ARM.attributes
                0x00000250       0x1e c:/developtools/gcc-arm-none-eabi-10.3-2021.10/bin/../lib/gcc/arm-none-eabi/10.3.1/thumb/v6-m/nofp\libgcc.a(_udivsi3.o)
 .ARM.attributes
                0x0000026e       0x1e c:/developtools/gcc-arm-none-eabi-10.3-2021.10/bin/../lib/gcc/arm-none-eabi/10.3.1/thumb/v6-m/nofp\libgcc.a(_dvmd_tls.o)
 .ARM.attributes
                0x0000028c       0x1e c:/developtools/gcc-arm-none-eabi-10.3-2021.10/bin/../lib/gcc/arm-none-eabi/10.3.1/thumb/v6-m/nofp/crtn.o
OUTPUT(build/epd_sensor.elf elf32-littlearm)
LOAD linker stubs
LOAD c:/developtools/gcc-arm-none-eabi-10.3-2021.10/bin/../lib/gcc/arm-none-eabi/10.3.1/../../../../arm-none-eabi/lib/thumb/v6-m/nofp\libc.a
LOAD c:/developtools/gcc-arm-none-eabi-10.3-2021.10/bin/../lib/gcc/arm-none-eabi/10.3.1/../../../../arm-none-eabi/lib/thumb/v6-m/nofp\libm.a
LOAD c:/developtools/gcc-arm-none-eabi-10.3-2021.10/bin/../lib/gcc/arm-none-eabi/10.3.1/thumb/v6-m/nofp\libgcc.a

.debug_info     0x00000000     0x739f
 .debug_info    0x00000000     0x27d1 build/main.o
 .debug_info    0x000027d1      0x150 build/stm32l0xx_it.o
 .debug_info    0x00002921      0x8a3 build/stm32l0xx_ll_gpio.o
 .debug_info    0x000031c4      0x9f7 build/stm32l0xx_ll_adc.o
 .debug_info    0x00003bbb      0xc6d build/stm32l0xx_ll_utils.o
 .debug_info    0x00004828      0x53f build/stm32l0xx_ll_exti.o
 .debug_info    0x00004d67     0x198e build/stm32l0xx_ll_rtc.o
 .debug_info    0x000066f5      0x90c build/stm32l0xx_ll_spi.o
 .debug_info    0x00007001      0x37c build/system_stm32l0xx.o
 .debug_info    0x0000737d       0x22 build/startup_stm32l051k8ux.o

.debug_abbrev   0x00000000     0x14e8
 .debug_abbrev  0x00000000      0x391 build/main.o
 .debug_abbrev  0x00000391       0x7f build/stm32l0xx_it.o
 .debug_abbrev  0x00000410      0x231 build/stm32l0xx_ll_gpio.o
 .debug_abbrev  0x00000641      0x264 build/stm32l0xx_ll_adc.o
 .debug_abbrev  0x000008a5      0x32d build/stm32l0xx_ll_utils.o
 .debug_abbrev  0x00000bd2      0x1aa build/stm32l0xx_ll_exti.o
 .debug_abbrev  0x00000d7c      0x337 build/stm32l0xx_ll_rtc.o
 .debug_abbrev  0x000010b3      0x2ef build/stm32l0xx_ll_spi.o
 .debug_abbrev  0x000013a2      0x134 build/system_stm32l0xx.o
 .debug_abbrev  0x000014d6       0x12 build/startup_stm32l051k8ux.o

.debug_loc      0x00000000     0x37fc
 .debug_loc     0x00000000      0xa34 build/main.o
 .debug_loc     0x00000a34      0x3f3 build/stm32l0xx_ll_gpio.o
 .debug_loc     0x00000e27      0x440 build/stm32l0xx_ll_adc.o
 .debug_loc     0x00001267      0x75f build/stm32l0xx_ll_utils.o
 .debug_loc     0x000019c6      0x2ac build/stm32l0xx_ll_exti.o
 .debug_loc     0x00001c72     0x142a build/stm32l0xx_ll_rtc.o
 .debug_loc     0x0000309c      0x551 build/stm32l0xx_ll_spi.o
 .debug_loc     0x000035ed      0x20f build/system_stm32l0xx.o

.debug_aranges  0x00000000      0x2f0
 .debug_aranges
                0x00000000       0x60 build/main.o
 .debug_aranges
                0x00000060       0x50 build/stm32l0xx_it.o
 .debug_aranges
                0x000000b0       0x30 build/stm32l0xx_ll_gpio.o
 .debug_aranges
                0x000000e0       0x58 build/stm32l0xx_ll_adc.o
 .debug_aranges
                0x00000138       0x60 build/stm32l0xx_ll_utils.o
 .debug_aranges
                0x00000198       0x30 build/stm32l0xx_ll_exti.o
 .debug_aranges
                0x000001c8       0x88 build/stm32l0xx_ll_rtc.o
 .debug_aranges
                0x00000250       0x50 build/stm32l0xx_ll_spi.o
 .debug_aranges
                0x000002a0       0x28 build/system_stm32l0xx.o
 .debug_aranges
                0x000002c8       0x28 build/startup_stm32l051k8ux.o

.debug_ranges   0x00000000      0x330
 .debug_ranges  0x00000000       0x50 build/main.o
 .debug_ranges  0x00000050       0x40 build/stm32l0xx_it.o
 .debug_ranges  0x00000090       0x80 build/stm32l0xx_ll_gpio.o
 .debug_ranges  0x00000110       0x48 build/stm32l0xx_ll_adc.o
 .debug_ranges  0x00000158       0x50 build/stm32l0xx_ll_utils.o
 .debug_ranges  0x000001a8       0x50 build/stm32l0xx_ll_exti.o
 .debug_ranges  0x000001f8       0xa8 build/stm32l0xx_ll_rtc.o
 .debug_ranges  0x000002a0       0x58 build/stm32l0xx_ll_spi.o
 .debug_ranges  0x000002f8       0x18 build/system_stm32l0xx.o
 .debug_ranges  0x00000310       0x20 build/startup_stm32l051k8ux.o

.debug_line     0x00000000     0x3830
 .debug_line    0x00000000      0xe41 build/main.o
 .debug_line    0x00000e41      0x1d1 build/stm32l0xx_it.o
 .debug_line    0x00001012      0x45c build/stm32l0xx_ll_gpio.o
 .debug_line    0x0000146e      0x4c7 build/stm32l0xx_ll_adc.o
 .debug_line    0x00001935      0x76d build/stm32l0xx_ll_utils.o
 .debug_line    0x000020a2      0x3a1 build/stm32l0xx_ll_exti.o
 .debug_line    0x00002443      0xc57 build/stm32l0xx_ll_rtc.o
 .debug_line    0x0000309a      0x4bd build/stm32l0xx_ll_spi.o
 .debug_line    0x00003557      0x253 build/system_stm32l0xx.o
 .debug_line    0x000037aa       0x86 build/startup_stm32l051k8ux.o

.debug_str      0x00000000     0x1d6c
 .debug_str     0x00000000      0xecd build/main.o
                               0x1032 (size before relaxing)
 .debug_str     0x00000ecd       0x82 build/stm32l0xx_it.o
                                0x1e8 (size before relaxing)
 .debug_str     0x00000f4f      0x112 build/stm32l0xx_ll_gpio.o
                                0x3c3 (size before relaxing)
 .debug_str     0x00001061      0x1e1 build/stm32l0xx_ll_adc.o
                                0x55c (size before relaxing)
 .debug_str     0x00001242      0x28d build/stm32l0xx_ll_utils.o
                                0x679 (size before relaxing)
 .debug_str     0x000014cf      0x159 build/stm32l0xx_ll_exti.o
                                0x354 (size before relaxing)
 .debug_str     0x00001628      0x4af build/stm32l0xx_ll_rtc.o
                                0x754 (size before relaxing)
 .debug_str     0x00001ad7      0x1f6 build/stm32l0xx_ll_spi.o
                                0x53e (size before relaxing)
 .debug_str     0x00001ccd       0x6c build/system_stm32l0xx.o
                                0x2a3 (size before relaxing)
 .debug_str     0x00001d39       0x33 build/startup_stm32l051k8ux.o
                                 0x5c (size before relaxing)

.comment        0x00000000       0x49
 .comment       0x00000000       0x49 build/main.o
                                 0x4a (size before relaxing)
 .comment       0x00000049       0x4a build/stm32l0xx_it.o
 .comment       0x00000049       0x4a build/stm32l0xx_ll_gpio.o
 .comment       0x00000049       0x4a build/stm32l0xx_ll_adc.o
 .comment       0x00000049       0x4a build/stm32l0xx_ll_utils.o
 .comment       0x00000049       0x4a build/stm32l0xx_ll_exti.o
 .comment       0x00000049       0x4a build/stm32l0xx_ll_rtc.o
 .comment       0x00000049       0x4a build/stm32l0xx_ll_spi.o
 .comment       0x00000049       0x4a build/system_stm32l0xx.o

.debug_frame    0x00000000      0x660
 .debug_frame   0x00000000      0x100 build/main.o
 .debug_frame   0x00000100       0x80 build/stm32l0xx_it.o
 .debug_frame   0x00000180       0x50 build/stm32l0xx_ll_gpio.o
 .debug_frame   0x000001d0       0xac build/stm32l0xx_ll_adc.o
 .debug_frame   0x0000027c       0xdc build/stm32l0xx_ll_utils.o
 .debug_frame   0x00000358       0x48 build/stm32l0xx_ll_exti.o
 .debug_frame   0x000003a0      0x17c build/stm32l0xx_ll_rtc.o
 .debug_frame   0x0000051c       0xa0 build/stm32l0xx_ll_spi.o
 .debug_frame   0x000005bc       0x38 build/system_stm32l0xx.o
 .debug_frame   0x000005f4       0x2c c:/developtools/gcc-arm-none-eabi-10.3-2021.10/bin/../lib/gcc/arm-none-eabi/10.3.1/../../../../arm-none-eabi/lib/thumb/v6-m/nofp\libc_nano.a(lib_a-init.o)
 .debug_frame   0x00000620       0x20 c:/developtools/gcc-arm-none-eabi-10.3-2021.10/bin/../lib/gcc/arm-none-eabi/10.3.1/../../../../arm-none-eabi/lib/thumb/v6-m/nofp\libc_nano.a(lib_a-memset.o)
 .debug_frame   0x00000640       0x20 c:/developtools/gcc-arm-none-eabi-10.3-2021.10/bin/../lib/gcc/arm-none-eabi/10.3.1/thumb/v6-m/nofp\libgcc.a(_udivsi3.o)

Cross Reference Table

Symbol                                            File
ADC1_COMP_IRQHandler                              build/startup_stm32l051k8ux.o
AHBPrescTable                                     build/system_stm32l0xx.o
                                                  build/stm32l0xx_ll_utils.o
                                                  build/stm32l0xx_ll_rcc.o
APBPrescTable                                     build/system_stm32l0xx.o
                                                  build/stm32l0xx_ll_rcc.o
DMA1_Channel1_IRQHandler                          build/startup_stm32l051k8ux.o
DMA1_Channel2_3_IRQHandler                        build/startup_stm32l051k8ux.o
DMA1_Channel4_5_6_7_IRQHandler                    build/startup_stm32l051k8ux.o
Default_Handler                                   build/startup_stm32l051k8ux.o
EPD_Clear                                         build/epd_api.o
EPD_Delay_ms                                      build/epd_driver.o
                                                  build/epd_api.o
EPD_Init                                          build/epd_api.o
EPD_Reset                                         build/epd_driver.o
                                                  build/epd_api.o
EPD_SendCommand                                   build/epd_driver.o
                                                  build/epd_api.o
EPD_SendData                                      build/epd_driver.o
                                                  build/epd_api.o
EPD_SetCursor                                     build/epd_api.o
EPD_SetPower                                      build/epd_driver.o
EPD_SetWindow                                     build/epd_api.o
EPD_Sleep                                         build/epd_api.o
EPD_TurnOnDisplay                                 build/epd_api.o
EPD_UpdateAll                                     build/epd_api.o
EPD_UpdateBlack                                   build/epd_api.o
EPD_UpdateRed                                     build/epd_api.o
EPD_WaitForBusy                                   build/epd_driver.o
                                                  build/epd_api.o
EXTI0_1_IRQHandler                                build/startup_stm32l051k8ux.o
EXTI2_3_IRQHandler                                build/startup_stm32l051k8ux.o
EXTI4_15_IRQHandler                               build/startup_stm32l051k8ux.o
Error_Handler                                     build/main.o
FLASH_IRQHandler                                  build/startup_stm32l051k8ux.o
HardFault_Handler                                 build/stm32l0xx_it.o
I2C1_IRQHandler                                   build/startup_stm32l051k8ux.o
I2C2_IRQHandler                                   build/startup_stm32l051k8ux.o
LL_ADC_CommonDeInit                               build/stm32l0xx_ll_adc.o
LL_ADC_CommonInit                                 build/stm32l0xx_ll_adc.o
LL_ADC_CommonStructInit                           build/stm32l0xx_ll_adc.o
LL_ADC_DeInit                                     build/stm32l0xx_ll_adc.o
LL_ADC_Init                                       build/stm32l0xx_ll_adc.o
                                                  build/main.o
LL_ADC_REG_Init                                   build/stm32l0xx_ll_adc.o
                                                  build/main.o
LL_ADC_REG_StructInit                             build/stm32l0xx_ll_adc.o
LL_ADC_StructInit                                 build/stm32l0xx_ll_adc.o
LL_CRC_DeInit                                     build/stm32l0xx_ll_crc.o
LL_DMA_DeInit                                     build/stm32l0xx_ll_dma.o
LL_DMA_Init                                       build/stm32l0xx_ll_dma.o
LL_DMA_StructInit                                 build/stm32l0xx_ll_dma.o
LL_EXTI_DeInit                                    build/stm32l0xx_ll_exti.o
LL_EXTI_Init                                      build/stm32l0xx_ll_exti.o
                                                  build/main.o
LL_EXTI_StructInit                                build/stm32l0xx_ll_exti.o
LL_GPIO_DeInit                                    build/stm32l0xx_ll_gpio.o
LL_GPIO_Init                                      build/stm32l0xx_ll_gpio.o
                                                  build/main.o
LL_GPIO_StructInit                                build/stm32l0xx_ll_gpio.o
LL_I2S_ConfigPrescaler                            build/stm32l0xx_ll_spi.o
LL_I2S_DeInit                                     build/stm32l0xx_ll_spi.o
LL_I2S_Init                                       build/stm32l0xx_ll_spi.o
LL_I2S_StructInit                                 build/stm32l0xx_ll_spi.o
LL_Init1msTick                                    build/stm32l0xx_ll_utils.o
                                                  build/main.o
LL_LPTIM_DeInit                                   build/stm32l0xx_ll_lptim.o
LL_LPTIM_Disable                                  build/stm32l0xx_ll_lptim.o
LL_LPTIM_Init                                     build/stm32l0xx_ll_lptim.o
LL_LPTIM_StructInit                               build/stm32l0xx_ll_lptim.o
LL_PLL_ConfigSystemClock_HSE                      build/stm32l0xx_ll_utils.o
LL_PLL_ConfigSystemClock_HSI                      build/stm32l0xx_ll_utils.o
LL_PWR_DeInit                                     build/stm32l0xx_ll_pwr.o
LL_RCC_DeInit                                     build/stm32l0xx_ll_rcc.o
LL_RCC_GetI2CClockFreq                            build/stm32l0xx_ll_rcc.o
LL_RCC_GetLPTIMClockFreq                          build/stm32l0xx_ll_rcc.o
LL_RCC_GetLPUARTClockFreq                         build/stm32l0xx_ll_rcc.o
LL_RCC_GetSystemClocksFreq                        build/stm32l0xx_ll_rcc.o
                                                  build/stm32l0xx_ll_spi.o
                                                  build/stm32l0xx_ll_lptim.o
LL_RCC_GetUSARTClockFreq                          build/stm32l0xx_ll_rcc.o
LL_RTC_ALMA_Init                                  build/stm32l0xx_ll_rtc.o
LL_RTC_ALMA_StructInit                            build/stm32l0xx_ll_rtc.o
LL_RTC_ALMB_Init                                  build/stm32l0xx_ll_rtc.o
LL_RTC_ALMB_StructInit                            build/stm32l0xx_ll_rtc.o
LL_RTC_DATE_Init                                  build/stm32l0xx_ll_rtc.o
LL_RTC_DATE_StructInit                            build/stm32l0xx_ll_rtc.o
LL_RTC_DeInit                                     build/stm32l0xx_ll_rtc.o
LL_RTC_EnterInitMode                              build/stm32l0xx_ll_rtc.o
LL_RTC_ExitInitMode                               build/stm32l0xx_ll_rtc.o
LL_RTC_Init                                       build/stm32l0xx_ll_rtc.o
                                                  build/main.o
LL_RTC_StructInit                                 build/stm32l0xx_ll_rtc.o
LL_RTC_TIME_Init                                  build/stm32l0xx_ll_rtc.o
LL_RTC_TIME_StructInit                            build/stm32l0xx_ll_rtc.o
LL_RTC_WaitForSynchro                             build/stm32l0xx_ll_rtc.o
LL_SPI_DeInit                                     build/stm32l0xx_ll_spi.o
LL_SPI_Init                                       build/stm32l0xx_ll_spi.o
                                                  build/main.o
LL_SPI_StructInit                                 build/stm32l0xx_ll_spi.o
LL_SetFlashLatency                                build/stm32l0xx_ll_utils.o
LL_SetSystemCoreClock                             build/stm32l0xx_ll_utils.o
                                                  build/main.o
LL_mDelay                                         build/stm32l0xx_ll_utils.o
                                                  build/epd_driver.o
LPTIM1_IRQHandler                                 build/stm32l0xx_it.o
LPUART1_IRQHandler                                build/startup_stm32l051k8ux.o
NMI_Handler                                       build/stm32l0xx_it.o
PLLMulTable                                       build/system_stm32l0xx.o
                                                  build/stm32l0xx_ll_utils.o
                                                  build/stm32l0xx_ll_rcc.o
PVD_IRQHandler                                    build/startup_stm32l051k8ux.o
PendSV_Handler                                    build/stm32l0xx_it.o
RCC_IRQHandler                                    build/startup_stm32l051k8ux.o
RTC_IRQHandler                                    build/stm32l0xx_it.o
Reset_Handler                                     build/startup_stm32l051k8ux.o
SPI1_IRQHandler                                   build/startup_stm32l051k8ux.o
SPI2_IRQHandler                                   build/startup_stm32l051k8ux.o
SPI_Transmit                                      build/epd_driver.o
SVC_Handler                                       build/stm32l0xx_it.o
SysTick_Handler                                   build/stm32l0xx_it.o
SystemClock_Config                                build/main.o
SystemCoreClock                                   build/system_stm32l0xx.o
                                                  build/stm32l0xx_ll_utils.o
                                                  build/main.o
SystemCoreClockUpdate                             build/system_stm32l0xx.o
SystemInit                                        build/system_stm32l0xx.o
                                                  build/startup_stm32l051k8ux.o
TIM21_IRQHandler                                  build/startup_stm32l051k8ux.o
TIM22_IRQHandler                                  build/startup_stm32l051k8ux.o
TIM2_IRQHandler                                   build/startup_stm32l051k8ux.o
TIM6_IRQHandler                                   build/startup_stm32l051k8ux.o
USART1_IRQHandler                                 build/startup_stm32l051k8ux.o
USART2_IRQHandler                                 build/startup_stm32l051k8ux.o
WWDG_IRQHandler                                   build/startup_stm32l051k8ux.o
__aeabi_idiv0                                     c:/developtools/gcc-arm-none-eabi-10.3-2021.10/bin/../lib/gcc/arm-none-eabi/10.3.1/thumb/v6-m/nofp\libgcc.a(_dvmd_tls.o)
                                                  c:/developtools/gcc-arm-none-eabi-10.3-2021.10/bin/../lib/gcc/arm-none-eabi/10.3.1/thumb/v6-m/nofp\libgcc.a(_udivsi3.o)
__aeabi_ldiv0                                     c:/developtools/gcc-arm-none-eabi-10.3-2021.10/bin/../lib/gcc/arm-none-eabi/10.3.1/thumb/v6-m/nofp\libgcc.a(_dvmd_tls.o)
__aeabi_uidiv                                     c:/developtools/gcc-arm-none-eabi-10.3-2021.10/bin/../lib/gcc/arm-none-eabi/10.3.1/thumb/v6-m/nofp\libgcc.a(_udivsi3.o)
                                                  build/system_stm32l0xx.o
                                                  build/stm32l0xx_ll_spi.o
                                                  build/stm32l0xx_ll_rtc.o
                                                  build/stm32l0xx_ll_utils.o
                                                  build/stm32l0xx_ll_rcc.o
                                                  build/main.o
__aeabi_uidivmod                                  c:/developtools/gcc-arm-none-eabi-10.3-2021.10/bin/../lib/gcc/arm-none-eabi/10.3.1/thumb/v6-m/nofp\libgcc.a(_udivsi3.o)
                                                  build/stm32l0xx_ll_rtc.o
__bss_end__                                       c:/developtools/gcc-arm-none-eabi-10.3-2021.10/bin/../lib/gcc/arm-none-eabi/10.3.1/../../../../arm-none-eabi/lib/thumb/v6-m/nofp/crt0.o
__bss_start__                                     c:/developtools/gcc-arm-none-eabi-10.3-2021.10/bin/../lib/gcc/arm-none-eabi/10.3.1/../../../../arm-none-eabi/lib/thumb/v6-m/nofp/crt0.o
__call_exitprocs                                  c:/developtools/gcc-arm-none-eabi-10.3-2021.10/bin/../lib/gcc/arm-none-eabi/10.3.1/../../../../arm-none-eabi/lib/thumb/v6-m/nofp\libc_nano.a(lib_a-exit.o)
__deregister_frame_info                           c:/developtools/gcc-arm-none-eabi-10.3-2021.10/bin/../lib/gcc/arm-none-eabi/10.3.1/thumb/v6-m/nofp/crtbegin.o
__dso_handle                                      c:/developtools/gcc-arm-none-eabi-10.3-2021.10/bin/../lib/gcc/arm-none-eabi/10.3.1/thumb/v6-m/nofp/crtbegin.o
__init_array_end                                  c:/developtools/gcc-arm-none-eabi-10.3-2021.10/bin/../lib/gcc/arm-none-eabi/10.3.1/../../../../arm-none-eabi/lib/thumb/v6-m/nofp\libc_nano.a(lib_a-init.o)
__init_array_start                                c:/developtools/gcc-arm-none-eabi-10.3-2021.10/bin/../lib/gcc/arm-none-eabi/10.3.1/../../../../arm-none-eabi/lib/thumb/v6-m/nofp\libc_nano.a(lib_a-init.o)
__libc_fini_array                                 c:/developtools/gcc-arm-none-eabi-10.3-2021.10/bin/../lib/gcc/arm-none-eabi/10.3.1/../../../../arm-none-eabi/lib/thumb/v6-m/nofp/crt0.o
__libc_init_array                                 c:/developtools/gcc-arm-none-eabi-10.3-2021.10/bin/../lib/gcc/arm-none-eabi/10.3.1/../../../../arm-none-eabi/lib/thumb/v6-m/nofp\libc_nano.a(lib_a-init.o)
                                                  build/startup_stm32l051k8ux.o
                                                  c:/developtools/gcc-arm-none-eabi-10.3-2021.10/bin/../lib/gcc/arm-none-eabi/10.3.1/../../../../arm-none-eabi/lib/thumb/v6-m/nofp/crt0.o
__preinit_array_end                               c:/developtools/gcc-arm-none-eabi-10.3-2021.10/bin/../lib/gcc/arm-none-eabi/10.3.1/../../../../arm-none-eabi/lib/thumb/v6-m/nofp\libc_nano.a(lib_a-init.o)
__preinit_array_start                             c:/developtools/gcc-arm-none-eabi-10.3-2021.10/bin/../lib/gcc/arm-none-eabi/10.3.1/../../../../arm-none-eabi/lib/thumb/v6-m/nofp\libc_nano.a(lib_a-init.o)
__register_frame_info                             c:/developtools/gcc-arm-none-eabi-10.3-2021.10/bin/../lib/gcc/arm-none-eabi/10.3.1/thumb/v6-m/nofp/crtbegin.o
__sf_fake_stderr                                  c:/developtools/gcc-arm-none-eabi-10.3-2021.10/bin/../lib/gcc/arm-none-eabi/10.3.1/../../../../arm-none-eabi/lib/thumb/v6-m/nofp\libc_nano.a(lib_a-impure.o)
__sf_fake_stdin                                   c:/developtools/gcc-arm-none-eabi-10.3-2021.10/bin/../lib/gcc/arm-none-eabi/10.3.1/../../../../arm-none-eabi/lib/thumb/v6-m/nofp\libc_nano.a(lib_a-impure.o)
__sf_fake_stdout                                  c:/developtools/gcc-arm-none-eabi-10.3-2021.10/bin/../lib/gcc/arm-none-eabi/10.3.1/../../../../arm-none-eabi/lib/thumb/v6-m/nofp\libc_nano.a(lib_a-impure.o)
__stack                                           c:/developtools/gcc-arm-none-eabi-10.3-2021.10/bin/../lib/gcc/arm-none-eabi/10.3.1/../../../../arm-none-eabi/lib/thumb/v6-m/nofp/crt0.o
__udivsi3                                         c:/developtools/gcc-arm-none-eabi-10.3-2021.10/bin/../lib/gcc/arm-none-eabi/10.3.1/thumb/v6-m/nofp\libgcc.a(_udivsi3.o)
_ebss                                             build/startup_stm32l051k8ux.o
_edata                                            build/startup_stm32l051k8ux.o
_estack                                           build/startup_stm32l051k8ux.o
_exit                                             c:/developtools/gcc-arm-none-eabi-10.3-2021.10/bin/../lib/gcc/arm-none-eabi/10.3.1/../../../../arm-none-eabi/lib/thumb/v6-m/nofp\libnosys.a(_exit.o)
                                                  c:/developtools/gcc-arm-none-eabi-10.3-2021.10/bin/../lib/gcc/arm-none-eabi/10.3.1/../../../../arm-none-eabi/lib/thumb/v6-m/nofp\libc_nano.a(lib_a-exit.o)
_fini                                             c:/developtools/gcc-arm-none-eabi-10.3-2021.10/bin/../lib/gcc/arm-none-eabi/10.3.1/thumb/v6-m/nofp/crti.o
_global_impure_ptr                                c:/developtools/gcc-arm-none-eabi-10.3-2021.10/bin/../lib/gcc/arm-none-eabi/10.3.1/../../../../arm-none-eabi/lib/thumb/v6-m/nofp\libc_nano.a(lib_a-impure.o)
                                                  c:/developtools/gcc-arm-none-eabi-10.3-2021.10/bin/../lib/gcc/arm-none-eabi/10.3.1/../../../../arm-none-eabi/lib/thumb/v6-m/nofp\libc_nano.a(lib_a-exit.o)
_impure_ptr                                       c:/developtools/gcc-arm-none-eabi-10.3-2021.10/bin/../lib/gcc/arm-none-eabi/10.3.1/../../../../arm-none-eabi/lib/thumb/v6-m/nofp\libc_nano.a(lib_a-impure.o)
_init                                             c:/developtools/gcc-arm-none-eabi-10.3-2021.10/bin/../lib/gcc/arm-none-eabi/10.3.1/thumb/v6-m/nofp/crti.o
                                                  c:/developtools/gcc-arm-none-eabi-10.3-2021.10/bin/../lib/gcc/arm-none-eabi/10.3.1/../../../../arm-none-eabi/lib/thumb/v6-m/nofp\libc_nano.a(lib_a-init.o)
_mainCRTStartup                                   c:/developtools/gcc-arm-none-eabi-10.3-2021.10/bin/../lib/gcc/arm-none-eabi/10.3.1/../../../../arm-none-eabi/lib/thumb/v6-m/nofp/crt0.o
_sbss                                             build/startup_stm32l051k8ux.o
_sdata                                            build/startup_stm32l051k8ux.o
_sidata                                           build/startup_stm32l051k8ux.o
_stack_init                                       c:/developtools/gcc-arm-none-eabi-10.3-2021.10/bin/../lib/gcc/arm-none-eabi/10.3.1/../../../../arm-none-eabi/lib/thumb/v6-m/nofp/crt0.o
_start                                            c:/developtools/gcc-arm-none-eabi-10.3-2021.10/bin/../lib/gcc/arm-none-eabi/10.3.1/../../../../arm-none-eabi/lib/thumb/v6-m/nofp/crt0.o
atexit                                            c:/developtools/gcc-arm-none-eabi-10.3-2021.10/bin/../lib/gcc/arm-none-eabi/10.3.1/../../../../arm-none-eabi/lib/thumb/v6-m/nofp/crt0.o
exit                                              c:/developtools/gcc-arm-none-eabi-10.3-2021.10/bin/../lib/gcc/arm-none-eabi/10.3.1/../../../../arm-none-eabi/lib/thumb/v6-m/nofp\libc_nano.a(lib_a-exit.o)
                                                  c:/developtools/gcc-arm-none-eabi-10.3-2021.10/bin/../lib/gcc/arm-none-eabi/10.3.1/../../../../arm-none-eabi/lib/thumb/v6-m/nofp/crt0.o
g_pfnVectors                                      build/startup_stm32l051k8ux.o
hardware_init_hook                                c:/developtools/gcc-arm-none-eabi-10.3-2021.10/bin/../lib/gcc/arm-none-eabi/10.3.1/../../../../arm-none-eabi/lib/thumb/v6-m/nofp/crt0.o
main                                              build/main.o
                                                  build/startup_stm32l051k8ux.o
                                                  c:/developtools/gcc-arm-none-eabi-10.3-2021.10/bin/../lib/gcc/arm-none-eabi/10.3.1/../../../../arm-none-eabi/lib/thumb/v6-m/nofp/crt0.o
memset                                            c:/developtools/gcc-arm-none-eabi-10.3-2021.10/bin/../lib/gcc/arm-none-eabi/10.3.1/../../../../arm-none-eabi/lib/thumb/v6-m/nofp\libc_nano.a(lib_a-memset.o)
                                                  build/main.o
                                                  c:/developtools/gcc-arm-none-eabi-10.3-2021.10/bin/../lib/gcc/arm-none-eabi/10.3.1/../../../../arm-none-eabi/lib/thumb/v6-m/nofp/crt0.o
software_init_hook                                c:/developtools/gcc-arm-none-eabi-10.3-2021.10/bin/../lib/gcc/arm-none-eabi/10.3.1/../../../../arm-none-eabi/lib/thumb/v6-m/nofp/crt0.o
